Component: ARM Compiler 5.06 update 7 (build 960) Tool: armlink [4d3601]

==============================================================================

Section Cross References

    startup_stm32g431xx.o(STACK) refers (Special) to heapauxi.o(.text) for __use_two_region_memory
    startup_stm32g431xx.o(HEAP) refers (Special) to heapauxi.o(.text) for __use_two_region_memory
    startup_stm32g431xx.o(RESET) refers (Special) to heapauxi.o(.text) for __use_two_region_memory
    startup_stm32g431xx.o(RESET) refers to startup_stm32g431xx.o(STACK) for __initial_sp
    startup_stm32g431xx.o(RESET) refers to startup_stm32g431xx.o(.text) for Reset_Handler
    startup_stm32g431xx.o(RESET) refers to stm32g4xx_it.o(i.NMI_Handler) for NMI_Handler
    startup_stm32g431xx.o(RESET) refers to stm32g4xx_it.o(i.HardFault_Handler) for HardFault_Handler
    startup_stm32g431xx.o(RESET) refers to stm32g4xx_it.o(i.MemManage_Handler) for MemManage_Handler
    startup_stm32g431xx.o(RESET) refers to stm32g4xx_it.o(i.BusFault_Handler) for BusFault_Handler
    startup_stm32g431xx.o(RESET) refers to stm32g4xx_it.o(i.UsageFault_Handler) for UsageFault_Handler
    startup_stm32g431xx.o(RESET) refers to stm32g4xx_it.o(i.SVC_Handler) for SVC_Handler
    startup_stm32g431xx.o(RESET) refers to stm32g4xx_it.o(i.DebugMon_Handler) for DebugMon_Handler
    startup_stm32g431xx.o(RESET) refers to stm32g4xx_it.o(i.PendSV_Handler) for PendSV_Handler
    startup_stm32g431xx.o(RESET) refers to stm32g4xx_it.o(i.SysTick_Handler) for SysTick_Handler
    startup_stm32g431xx.o(RESET) refers to stm32g4xx_it.o(i.USART1_IRQHandler) for USART1_IRQHandler
    startup_stm32g431xx.o(.text) refers (Special) to heapauxi.o(.text) for __use_two_region_memory
    startup_stm32g431xx.o(.text) refers to system_stm32g4xx.o(i.SystemInit) for SystemInit
    startup_stm32g431xx.o(.text) refers to __main.o(!!!main) for __main
    startup_stm32g431xx.o(.text) refers to startup_stm32g431xx.o(HEAP) for Heap_Mem
    startup_stm32g431xx.o(.text) refers to startup_stm32g431xx.o(STACK) for Stack_Mem
    main.o(i.SystemClock_Config) refers to rt_memclr_w.o(.text) for __aeabi_memclr4
    main.o(i.SystemClock_Config) refers to stm32g4xx_hal_pwr_ex.o(i.HAL_PWREx_ControlVoltageScaling) for HAL_PWREx_ControlVoltageScaling
    main.o(i.SystemClock_Config) refers to stm32g4xx_hal_rcc.o(i.HAL_RCC_OscConfig) for HAL_RCC_OscConfig
    main.o(i.SystemClock_Config) refers to stm32g4xx_hal_rcc.o(i.HAL_RCC_ClockConfig) for HAL_RCC_ClockConfig
    main.o(i.main) refers to stm32g4xx_hal.o(i.HAL_Init) for HAL_Init
    main.o(i.main) refers to main.o(i.SystemClock_Config) for SystemClock_Config
    main.o(i.main) refers to gpio.o(i.MX_GPIO_Init) for MX_GPIO_Init
    main.o(i.main) refers to tim.o(i.MX_TIM2_Init) for MX_TIM2_Init
    main.o(i.main) refers to i2c_hal.o(i.I2CInit) for I2CInit
    main.o(i.main) refers to usart.o(i.MX_USART1_UART_Init) for MX_USART1_UART_Init
    main.o(i.main) refers to stm32g4xx_hal_tim.o(i.HAL_TIM_PWM_Start) for HAL_TIM_PWM_Start
    main.o(i.main) refers to stm32g4xx_hal_uart.o(i.HAL_UART_Receive_IT) for HAL_UART_Receive_IT
    main.o(i.main) refers to fun.o(i.eeprom_init) for eeprom_init
    main.o(i.main) refers to fun.o(i.led_Disp) for led_Disp
    main.o(i.main) refers to lcd.o(i.LCD_Init) for LCD_Init
    main.o(i.main) refers to lcd.o(i.LCD_SetBackColor) for LCD_SetBackColor
    main.o(i.main) refers to lcd.o(i.LCD_SetTextColor) for LCD_SetTextColor
    main.o(i.main) refers to lcd.o(i.LCD_Clear) for LCD_Clear
    main.o(i.main) refers to fun.o(i.key_scan) for key_scan
    main.o(i.main) refers to fun.o(i.yes_shop) for yes_shop
    main.o(i.main) refers to fun.o(i.led0) for led0
    main.o(i.main) refers to fun.o(i.lcd_show) for lcd_show
    main.o(i.main) refers to tim.o(.bss) for htim2
    main.o(i.main) refers to fun.o(.data) for rx_data
    main.o(i.main) refers to usart.o(.bss) for huart1
    gpio.o(i.MX_GPIO_Init) refers to rt_memclr_w.o(.text) for __aeabi_memclr4
    gpio.o(i.MX_GPIO_Init) refers to stm32g4xx_hal_gpio.o(i.HAL_GPIO_WritePin) for HAL_GPIO_WritePin
    gpio.o(i.MX_GPIO_Init) refers to stm32g4xx_hal_gpio.o(i.HAL_GPIO_Init) for HAL_GPIO_Init
    tim.o(i.HAL_TIM_MspPostInit) refers to rt_memclr_w.o(.text) for __aeabi_memclr4
    tim.o(i.HAL_TIM_MspPostInit) refers to stm32g4xx_hal_gpio.o(i.HAL_GPIO_Init) for HAL_GPIO_Init
    tim.o(i.MX_TIM2_Init) refers to rt_memclr_w.o(.text) for __aeabi_memclr4
    tim.o(i.MX_TIM2_Init) refers to stm32g4xx_hal_tim.o(i.HAL_TIM_PWM_Init) for HAL_TIM_PWM_Init
    tim.o(i.MX_TIM2_Init) refers to main.o(i.Error_Handler) for Error_Handler
    tim.o(i.MX_TIM2_Init) refers to stm32g4xx_hal_tim_ex.o(i.HAL_TIMEx_MasterConfigSynchronization) for HAL_TIMEx_MasterConfigSynchronization
    tim.o(i.MX_TIM2_Init) refers to stm32g4xx_hal_tim.o(i.HAL_TIM_PWM_ConfigChannel) for HAL_TIM_PWM_ConfigChannel
    tim.o(i.MX_TIM2_Init) refers to tim.o(i.HAL_TIM_MspPostInit) for HAL_TIM_MspPostInit
[...]
    i.HAL_NVIC_SetPriority                   0x080019f4   Section        0  stm32g4xx_hal_cortex.o(i.HAL_NVIC_SetPriority)
    i.HAL_NVIC_SetPriorityGrouping           0x08001a34   Section        0  stm32g4xx_hal_cortex.o(i.HAL_NVIC_SetPriorityGrouping)
    i.HAL_PWREx_ControlVoltageScaling        0x08001a58   Section        0  stm32g4xx_hal_pwr_ex.o(i.HAL_PWREx_ControlVoltageScaling)
    i.HAL_PWREx_DisableUCPDDeadBattery       0x08001b14   Section        0  stm32g4xx_hal_pwr_ex.o(i.HAL_PWREx_DisableUCPDDeadBattery)
    i.HAL_RCCEx_PeriphCLKConfig              0x08001b24   Section        0  stm32g4xx_hal_rcc_ex.o(i.HAL_RCCEx_PeriphCLKConfig)
    i.HAL_RCC_ClockConfig                    0x08001dac   Section        0  stm32g4xx_hal_rcc.o(i.HAL_RCC_ClockConfig)
    i.HAL_RCC_GetPCLK1Freq                   0x08001f88   Section        0  stm32g4xx_hal_rcc.o(i.HAL_RCC_GetPCLK1Freq)
    i.HAL_RCC_GetPCLK2Freq                   0x08001fac   Section        0  stm32g4xx_hal_rcc.o(i.HAL_RCC_GetPCLK2Freq)
    i.HAL_RCC_GetSysClockFreq                0x08001fd0   Section        0  stm32g4xx_hal_rcc.o(i.HAL_RCC_GetSysClockFreq)
    i.HAL_RCC_OscConfig                      0x08002040   Section        0  stm32g4xx_hal_rcc.o(i.HAL_RCC_OscConfig)
    i.HAL_SYSTICK_Config                     0x08002444   Section        0  stm32g4xx_hal_cortex.o(i.HAL_SYSTICK_Config)
    i.HAL_TIMEx_MasterConfigSynchronization  0x0800246c   Section        0  stm32g4xx_hal_tim_ex.o(i.HAL_TIMEx_MasterConfigSynchronization)
    i.HAL_TIM_MspPostInit                    0x08002508   Section        0  tim.o(i.HAL_TIM_MspPostInit)
    i.HAL_TIM_PWM_ConfigChannel              0x08002554   Section        0  stm32g4xx_hal_tim.o(i.HAL_TIM_PWM_ConfigChannel)
    i.HAL_TIM_PWM_Init                       0x08002678   Section        0  stm32g4xx_hal_tim.o(i.HAL_TIM_PWM_Init)
    i.HAL_TIM_PWM_MspInit                    0x080026dc   Section        0  tim.o(i.HAL_TIM_PWM_MspInit)
    i.HAL_TIM_PWM_Start                      0x08002700   Section        0  stm32g4xx_hal_tim.o(i.HAL_TIM_PWM_Start)
    i.HAL_UARTEx_DisableFifoMode             0x080027fc   Section        0  stm32g4xx_hal_uart_ex.o(i.HAL_UARTEx_DisableFifoMode)
    i.HAL_UARTEx_RxEventCallback             0x0800283a   Section        0  stm32g4xx_hal_uart.o(i.HAL_UARTEx_RxEventCallback)
    i.HAL_UARTEx_RxFifoFullCallback          0x0800283c   Section        0  stm32g4xx_hal_uart_ex.o(i.HAL_UARTEx_RxFifoFullCallback)
    i.HAL_UARTEx_SetRxFifoThreshold          0x0800283e   Section        0  stm32g4xx_hal_uart_ex.o(i.HAL_UARTEx_SetRxFifoThreshold)
    i.HAL_UARTEx_SetTxFifoThreshold          0x0800288a   Section        0  stm32g4xx_hal_uart_ex.o(i.HAL_UARTEx_SetTxFifoThreshold)
    i.HAL_UARTEx_TxFifoEmptyCallback         0x080028d6   Section        0  stm32g4xx_hal_uart_ex.o(i.HAL_UARTEx_TxFifoEmptyCallback)
    i.HAL_UARTEx_WakeupCallback              0x080028d8   Section        0  stm32g4xx_hal_uart_ex.o(i.HAL_UARTEx_WakeupCallback)
    i.HAL_UART_ErrorCallback                 0x080028da   Section        0  stm32g4xx_hal_uart.o(i.HAL_UART_ErrorCallback)
    i.HAL_UART_IRQHandler                    0x080028dc   Section        0  stm32g4xx_hal_uart.o(i.HAL_UART_IRQHandler)
    i.HAL_UART_Init                          0x08002bf8   Section        0  stm32g4xx_hal_uart.o(i.HAL_UART_Init)
    i.HAL_UART_MspInit                       0x08002c64   Section        0  usart.o(i.HAL_UART_MspInit)
    i.HAL_UART_Receive_IT                    0x08002cf0   Section        0  stm32g4xx_hal_uart.o(i.HAL_UART_Receive_IT)
    i.HAL_UART_RxCpltCallback                0x08002d38   Section        0  fun.o(i.HAL_UART_RxCpltCallback)
    i.HAL_UART_Transmit                      0x08002db0   Section        0  stm32g4xx_hal_uart.o(i.HAL_UART_Transmit)
    i.HAL_UART_TxCpltCallback                0x08002e5e   Section        0  stm32g4xx_hal_uart.o(i.HAL_UART_TxCpltCallback)
    i.HardFault_Handler                      0x08002e60   Section        0  stm32g4xx_it.o(i.HardFault_Handler)
    i.I2CInit                                0x08002e64   Section        0  i2c_hal.o(i.I2CInit)
    i.I2CReceiveByte                         0x08002e90   Section        0  i2c_hal.o(i.I2CReceiveByte)
    i.I2CSendAck                             0x08002ede   Section        0  i2c_hal.o(i.I2CSendAck)
    i.I2CSendByte                            0x08002f0e   Section        0  i2c_hal.o(i.I2CSendByte)
    i.I2CSendNotAck                          0x08002f5c   Section        0  i2c_hal.o(i.I2CSendNotAck)
    i.I2CStart                               0x08002f8c   Section        0  i2c_hal.o(i.I2CStart)
    i.I2CStop                                0x08002fc2   Section        0  i2c_hal.o(i.I2CStop)
    i.I2CWaitAck                             0x08002ff8   Section        0  i2c_hal.o(i.I2CWaitAck)
    i.LCD_BusIn                              0x08003048   Section        0  lcd.o(i.LCD_BusIn)
    i.LCD_BusOut                             0x08003074   Section        0  lcd.o(i.LCD_BusOut)
    i.LCD_Clear                              0x080030a4   Section        0  lcd.o(i.LCD_Clear)
    i.LCD_CtrlLinesConfig                    0x080030c8   Section        0  lcd.o(i.LCD_CtrlLinesConfig)
    i.LCD_DisplayChar                        0x08003158   Section        0  lcd.o(i.LCD_DisplayChar)
    i.LCD_DisplayStringLine                  0x08003170   Section        0  lcd.o(i.LCD_DisplayStringLine)
    i.LCD_DrawChar                           0x0800319c   Section        0  lcd.o(i.LCD_DrawChar)
    i.LCD_Init                               0x080031f4   Section        0  lcd.o(i.LCD_Init)
    i.LCD_ReadReg                            0x08003228   Section        0  lcd.o(i.LCD_ReadReg)
    i.LCD_SetBackColor                       0x080032a8   Section        0  lcd.o(i.LCD_SetBackColor)
    i.LCD_SetCursor                          0x080032b8   Section        0  lcd.o(i.LCD_SetCursor)
    i.LCD_SetTextColor                       0x080032d0   Section        0  lcd.o(i.LCD_SetTextColor)
    i.LCD_WriteRAM                           0x080032e0   Section        0  lcd.o(i.LCD_WriteRAM)
    i.LCD_WriteRAM_Prepare                   0x08003338   Section        0  lcd.o(i.LCD_WriteRAM_Prepare)
    i.LCD_WriteReg                           0x08003394   Section        0  lcd.o(i.LCD_WriteReg)
    i.MX_GPIO_Init                           0x08003400   Section        0  gpio.o(i.MX_GPIO_Init)
    i.MX_TIM2_Init                           0x080034d4   Section        0  tim.o(i.MX_TIM2_Init)
    i.MX_USART1_UART_Init                    0x08003544   Section        0  usart.o(i.MX_USART1_UART_Init)
    i.MemManage_Handler                      0x080035ac   Section        0  stm32g4xx_it.o(i.MemManage_Handler)
    i.NMI_Handler                            0x080035ae   Section        0  stm32g4xx_it.o(i.NMI_Handler)
    i.PendSV_Handler                         0x080035b0   Section        0  stm32g4xx_it.o(i.PendSV_Handler)
    i.REG_8230_Init                          0x080035b2   Section        0  lcd.o(i.REG_8230_Init)
    i.REG_932X_Init                          0x080036c4   Section        0  lcd.o(i.REG_932X_Init)
    i.SCL_Output                             0x080038c8   Section        0  i2c_hal.o(i.SCL_Output)
    i.SDA_Input                              0x080038e0   Section        0  i2c_hal.o(i.SDA_Input)
    i.SDA_Input_Mode                         0x080038f8   Section        0  i2c_hal.o(i.SDA_Input_Mode)
    i.SDA_Output                             0x08003924   Section        0  i2c_hal.o(i.SDA_Output)
    i.SDA_Output_Mode                        0x0800393c   Section        0  i2c_hal.o(i.SDA_Output_Mode)
    i.SVC_Handler                            0x08003968   Section        0  stm32g4xx_it.o(i.SVC_Handler)
    i.SysTick_Handler                        0x0800396a   Section        0  stm32g4xx_it.o(i.SysTick_Handler)
    i.SystemClock_Config                     0x0800396e   Section        0  main.o(i.SystemClock_Config)
    i.SystemInit                             0x080039d4   Section        0  system_stm32g4xx.o(i.SystemInit)
    i.TIM_Base_SetConfig                     0x080039e4   Section        0  stm32g4xx_hal_tim.o(i.TIM_Base_SetConfig)
    i.TIM_CCxChannelCmd                      0x08003aa0   Section        0  stm32g4xx_hal_tim.o(i.TIM_CCxChannelCmd)
    i.TIM_OC1_SetConfig                      0x08003abc   Section        0  stm32g4xx_hal_tim.o(i.TIM_OC1_SetConfig)
    TIM_OC1_SetConfig                        0x08003abd   Thumb Code   132  stm32g4xx_hal_tim.o(i.TIM_OC1_SetConfig)
    i.TIM_OC2_SetConfig                      0x08003b58   Section        0  stm32g4xx_hal_tim.o(i.TIM_OC2_SetConfig)
    i.TIM_OC3_SetConfig                      0x08003be8   Section        0  stm32g4xx_hal_tim.o(i.TIM_OC3_SetConfig)
    TIM_OC3_SetConfig                        0x08003be9   Thumb Code   118  stm32g4xx_hal_tim.o(i.TIM_OC3_SetConfig)
    i.TIM_OC4_SetConfig                      0x08003c78   Section        0  stm32g4xx_hal_tim.o(i.TIM_OC4_SetConfig)
    TIM_OC4_SetConfig                        0x08003c79   Thumb Code   120  stm32g4xx_hal_tim.o(i.TIM_OC4_SetConfig)
    i.TIM_OC5_SetConfig                      0x08003d08   Section        0  stm32g4xx_hal_tim.o(i.TIM_OC5_SetConfig)
    TIM_OC5_SetConfig                        0x08003d09   Thumb Code    86  stm32g4xx_hal_tim.o(i.TIM_OC5_SetConfig)
    i.TIM_OC6_SetConfig                      0x08003d78   Section        0  stm32g4xx_hal_tim.o(i.TIM_OC6_SetConfig)
    TIM_OC6_SetConfig                        0x08003d79   Thumb Code    88  stm32g4xx_hal_tim.o(i.TIM_OC6_SetConfig)
    i.UARTEx_SetNbDataToProcess              0x08003de8   Section        0  stm32g4xx_hal_uart_ex.o(i.UARTEx_SetNbDataToProcess)
    UARTEx_SetNbDataToProcess                0x08003de9   Thumb Code    62  stm32g4xx_hal_uart_ex.o(i.UARTEx_SetNbDataToProcess)
    i.UART_AdvFeatureConfig                  0x08003e2c   Section        0  stm32g4xx_hal_uart.o(i.UART_AdvFeatureConfig)
    i.UART_CheckIdleState                    0x08003ef4   Section        0  stm32g4xx_hal_uart.o(i.UART_CheckIdleState)
    i.UART_DMAAbortOnError                   0x08003fa0   Section        0  stm32g4xx_hal_uart.o(i.UART_DMAAbortOnError)
    UART_DMAAbortOnError                     0x08003fa1   Thumb Code    20  stm32g4xx_hal_uart.o(i.UART_DMAAbortOnError)
    i.UART_EndRxTransfer                     0x08003fb4   Section        0  stm32g4xx_hal_uart.o(i.UART_EndRxTransfer)
    UART_EndRxTransfer                       0x08003fb5   Thumb Code    78  stm32g4xx_hal_uart.o(i.UART_EndRxTransfer)
    i.UART_RxISR_16BIT                       0x08004008   Section        0  stm32g4xx_hal_uart.o(i.UART_RxISR_16BIT)
    UART_RxISR_16BIT                         0x08004009   Thumb Code   196  stm32g4xx_hal_uart.o(i.UART_RxISR_16BIT)
    i.UART_RxISR_16BIT_FIFOEN                0x080040d0   Section        0  stm32g4xx_hal_uart.o(i.UART_RxISR_16BIT_FIFOEN)
    UART_RxISR_16BIT_FIFOEN                  0x080040d1   Thumb Code   402  stm32g4xx_hal_uart.o(i.UART_RxISR_16BIT_FIFOEN)
    i.UART_RxISR_8BIT                        0x08004270   Section        0  stm32g4xx_hal_uart.o(i.UART_RxISR_8BIT)
    UART_RxISR_8BIT                          0x08004271   Thumb Code   196  stm32g4xx_hal_uart.o(i.UART_RxISR_8BIT)
    i.UART_RxISR_8BIT_FIFOEN                 0x08004338   Section        0  stm32g4xx_hal_uart.o(i.UART_RxISR_8BIT_FIFOEN)
    UART_RxISR_8BIT_FIFOEN                   0x08004339   Thumb Code   402  stm32g4xx_hal_uart.o(i.UART_RxISR_8BIT_FIFOEN)
    i.UART_SetConfig                         0x080044d8   Section        0  stm32g4xx_hal_uart.o(i.UART_SetConfig)
    i.UART_Start_Receive_IT                  0x0800474c   Section        0  stm32g4xx_hal_uart.o(i.UART_Start_Receive_IT)
    i.UART_WaitOnFlagUntilTimeout            0x0800485c   Section        0  stm32g4xx_hal_uart.o(i.UART_WaitOnFlagUntilTimeout)
    i.USART1_IRQHandler                      0x080048f0   Section        0  stm32g4xx_it.o(i.USART1_IRQHandler)
    i.UsageFault_Handler                     0x080048fc   Section        0  stm32g4xx_it.o(i.UsageFault_Handler)
    i.__ARM_fpclassify                       0x080048fe   Section        0  fpclassify.o(i.__ARM_fpclassify)
    i.__NVIC_SetPriority                     0x0800492e   Section        0  stm32g4xx_hal_cortex.o(i.__NVIC_SetPriority)
    __NVIC_SetPriority                       0x0800492f   Thumb Code    32  stm32g4xx_hal_cortex.o(i.__NVIC_SetPriority)
    i._is_digit                              0x0800494e   Section        0  __printf_wp.o(i._is_digit)
    i.delay1                                 0x0800495c   Section        0  i2c_hal.o(i.delay1)
    delay1                                   0x0800495d   Thumb Code    20  i2c_hal.o(i.delay1)
    i.eeprom_init                            0x08004970   Section        0  fun.o(i.eeprom_init)
    i.eeprom_read                            0x08004a4c   Section        0  i2c_hal.o(i.eeprom_read)
    i.eeprom_write                           0x08004aa0   Section        0  i2c_hal.o(i.eeprom_write)
    i.key_scan                               0x08004aec   Section        0  fun.o(i.key_scan)
    i.lcd_show                               0x08004d8c   Section        0  fun.o(i.lcd_show)
    i.led0                                   0x08004ed4   Section        0  fun.o(i.led0)
    i.led_Disp                               0x08004f30   Section        0  fun.o(i.led_Disp)
    i.main                                   0x08004f84   Section        0  main.o(i.main)
    i.pwm_set_duty                           0x0800501c   Section        0  fun.o(i.pwm_set_duty)
    i.yes_shop                               0x08005048   Section        0  fun.o(i.yes_shop)
    locale$$code                             0x08005088   Section       44  lc_numeric_c.o(locale$$code)
    x$fpl$d2f                                0x080050b4   Section       98  d2f.o(x$fpl$d2f)
    $v0                                      0x080050b4   Number         0  d2f.o(x$fpl$d2f)
    x$fpl$dadd                               0x08005118   Section      336  daddsub_clz.o(x$fpl$dadd)
    $v0                                      0x08005118   Number         0  daddsub_clz.o(x$fpl$dadd)
    _dadd1                                   0x08005129   Thumb Code     0  daddsub_clz.o(x$fpl$dadd)
    x$fpl$dnaninf                            0x08005268   Section      156  dnaninf.o(x$fpl$dnaninf)
    $v0                                      0x08005268   Number         0  dnaninf.o(x$fpl$dnaninf)
    x$fpl$dretinf                            0x08005304   Section       12  dretinf.o(x$fpl$dretinf)
    $v0                                      0x08005304   Number         0  dretinf.o(x$fpl$dretinf)
    x$fpl$dsub                               0x08005310   Section      468  daddsub_clz.o(x$fpl$dsub)
    $v0                                      0x08005310   Number         0  daddsub_clz.o(x$fpl$dsub)
    _dsub1                                   0x08005321   Thumb Code     0  daddsub_clz.o(x$fpl$dsub)
    x$fpl$f2d                                0x080054e4   Section       86  f2d.o(x$fpl$f2d)
    $v0                                      0x080054e4   Number         0  f2d.o(x$fpl$f2d)
    x$fpl$fnaninf                            0x0800553a   Section      140  fnaninf.o(x$fpl$fnaninf)
    $v0                                      0x0800553a   Number         0  fnaninf.o(x$fpl$fnaninf)
    x$fpl$fpinit                             0x080055c6   Section       10  fpinit.o(x$fpl$fpinit)
    $v0                                      0x080055c6   Number         0  fpinit.o(x$fpl$fpinit)
    x$fpl$fretinf                            0x080055d0   Section       10  fretinf.o(x$fpl$fretinf)
    $v0                                      0x080055d0   Number         0  fretinf.o(x$fpl$fretinf)
    x$fpl$printf1                            0x080055da   Section        4  printf1.o(x$fpl$printf1)
    $v0                                      0x080055da   Number         0  printf1.o(x$fpl$printf1)
    .constdata                               0x080055de   Section       24  stm32g4xx_hal_uart.o(.constdata)
    x$fpl$usenofp                            0x080055de   Section        0  usenofp.o(x$fpl$usenofp)
    .constdata                               0x080055f6   Section       16  stm32g4xx_hal_uart_ex.o(.constdata)
    numerator                                0x080055f6   Data           8  stm32g4xx_hal_uart_ex.o(.constdata)
    denominator                              0x080055fe   Data           8  stm32g4xx_hal_uart_ex.o(.constdata)
    .constdata                               0x08005606   Section       16  system_stm32g4xx.o(.constdata)
    .constdata                               0x08005616   Section        8  system_stm32g4xx.o(.constdata)
    .constdata                               0x0800561e   Section     4560  lcd.o(.constdata)
    .constdata                               0x080067f0   Section      148  bigflt0.o(.constdata)
    tenpwrs_x                                0x080067f0   Data          60  bigflt0.o(.constdata)
    tenpwrs_i                                0x0800682c   Data          64  bigflt0.o(.constdata)
    locale$$data                             0x080068a4   Section       28  lc_numeric_c.o(locale$$data)
    __lcnum_c_name                           0x080068a8   Data           2  lc_numeric_c.o(locale$$data)
    __lcnum_c_start                          0x080068b0   Data           0  lc_numeric_c.o(locale$$data)
    __lcnum_c_point                          0x080068bc   Data           0  lc_numeric_c.o(locale$$data)
    __lcnum_c_thousands                      0x080068be   Data           0  lc_numeric_c.o(locale$$data)
    __lcnum_c_grouping                       0x080068bf   Data           0  lc_numeric_c.o(locale$$data)
    __lcnum_c_end                            0x080068c0   Data           0  lc_numeric_c.o(locale$$data)
    .data                                    0x20000000   Section       12  stm32g4xx_hal.o(.data)
    .data                                    0x2000000c   Section        4  system_stm32g4xx.o(.data)
    .data                                    0x20000010   Section       40  fun.o(.data)
    .data                                    0x20000038   Section        6  lcd.o(.data)
    TextColor                                0x20000038   Data           2  lcd.o(.data)
    BackColor                                0x2000003a   Data           2  lcd.o(.data)
    .bss                                     0x20000040   Section       76  tim.o(.bss)
    .bss                                     0x2000008c   Section      148  usart.o(.bss)
    .bss                                     0x20000120   Section       45  fun.o(.bss)
    .bss                                     0x20000150   Section       96  libspace.o(.bss)
    HEAP                                     0x200001b0   Section      512  startup_stm32g431xx.o(HEAP)
    Heap_Mem                                 0x200001b0   Data         512  startup_stm32g431xx.o(HEAP)
    STACK                                    0x200003b0   Section     1024  startup_stm32g431xx.o(STACK)
    Stack_Mem                                0x200003b0   Data        1024  startup_stm32g431xx.o(STACK)
    __initial_sp                             0x200007b0   Data           0  startup_stm32g431xx.o(STACK)

    Global Symbols

    Symbol Name                              Value     Ov Type        Size  Object(Section)

    BuildAttributes$$THM_ISAv4$E$P$D$K$B$S$7EM$VFPi3$EXTD16$VFPS$VFMA$PE$A:L22UL41UL21$X:L11$S22US41US21$IEEE1$IW$USESV6$~STKCKD$USESV7$~SHL$OTIME$ROPI$IEEEJ$EBA8$UX$STANDARDLIB$REQ8$PRES8$EABIv2 0x00000000   Number         0  anon$$obj.o ABSOLUTE
    __ARM_use_no_argv                        0x00000000   Number         0  main.o ABSOLUTE
    _printf_flags                            0x00000000   Number         0  printf_stubs.o ABSOLUTE
    _printf_return_value                     0x00000000   Number         0  printf_stubs.o ABSOLUTE
    _printf_sizespec                         0x00000000   Number         0  printf_stubs.o ABSOLUTE
    _printf_widthprec                        0x00000000   Number         0  printf_stubs.o ABSOLUTE
    __ARM_exceptions_init                     - Undefined Weak Reference
    __alloca_initialize                       - Undefined Weak Reference
    __arm_fini_                               - Undefined Weak Reference
    __arm_preinit_                            - Undefined Weak Reference
    __cpp_initialize__aeabi_                  - Undefined Weak Reference
    __cxa_finalize                            - Undefined Weak Reference
    __sigvec_lookup                           - Undefined Weak Reference
    _atexit_init                              - Undefined Weak Reference
    _call_atexit_fns                          - Undefined Weak Reference
    _clock_init                               - Undefined Weak Reference
    _fp_trap_init                             - Undefined Weak Reference
    _fp_trap_shutdown                         - Undefined Weak Reference
    _get_lc_collate                           - Undefined Weak Reference
    _get_lc_ctype                             - Undefined Weak Reference
    _get_lc_monetary                          - Undefined Weak Reference
    _get_lc_time                              - Undefined Weak Reference
    _getenv_init                              - Undefined Weak Reference
    _handle_redirection                       - Undefined Weak Reference
    _init_alloc                               - Undefined Weak Reference
    _init_user_alloc                          - Undefined Weak Reference
    _initio                                   - Undefined Weak Reference
    _printf_truncate_signed                   - Undefined Weak Reference
    _printf_truncate_unsigned                 - Undefined Weak Reference
    _rand_init                                - Undefined Weak Reference
    _signal_finish                            - Undefined Weak Reference
    _signal_init                              - Undefined Weak Reference
    _terminate_alloc                          - Undefined Weak Reference
    _terminate_user_alloc                     - Undefined Weak Reference
    _terminateio                              - Undefined Weak Reference
    __Vectors_Size                           0x000001d8   Number         0  startup_stm32g431xx.o ABSOLUTE
    __Vectors                                0x08000000   Data           4  startup_stm32g431xx.o(RESET)
    __Vectors_End                            0x080001d8   Data           0  startup_stm32g431xx.o(RESET)
    __main                                   0x080001d9   Thumb Code     8  __main.o(!!!main)
    __scatterload                            0x080001e1   Thumb Code     0  __scatter.o(!!!scatter)
    __scatterload_rt2                        0x080001e1   Thumb Code    44  __scatter.o(!!!scatter)
    __scatterload_rt2_thumb_only             0x080001e1   Thumb Code     0  __scatter.o(!!!scatter)
    __scatterload_null                       0x080001ef   Thumb Code     0  __scatter.o(!!!scatter)
    __scatterload_copy                       0x08000215   Thumb Code    26  __scatter_copy.o(!!handler_copy)
    __scatterload_zeroinit                   0x08000231   Thumb Code    28  __scatter_zi.o(!!handler_zi)
    _printf_f                                0x0800024d   Thumb Code     0  _printf_f.o(.ARM.Collect$$_printf_percent$$00000003)
    _printf_percent                          0x0800024d   Thumb Code     0  _printf_percent.o(.ARM.Collect$$_printf_percent$$00000000)
    _printf_d                                0x08000253   Thumb Code     0  _printf_d.o(.ARM.Collect$$_printf_percent$$00000009)
    _printf_percent_end                      0x08000259   Thumb Code     0  _printf_percent_end.o(.ARM.Collect$$_printf_percent$$00000017)
    __rt_lib_init                            0x0800025d   Thumb Code     0  libinit.o(.ARM.Collect$$libinit$$00000000)
    __rt_lib_init_fp_1                       0x0800025f   Thumb Code     0  libinit2.o(.ARM.Collect$$libinit$$00000001)
    __rt_lib_init_heap_1                     0x08000263   Thumb Code     0  libinit2.o(.ARM.Collect$$libinit$$0000000A)
    __rt_lib_init_lc_common                  0x08000263   Thumb Code     0  libinit2.o(.ARM.Collect$$libinit$$0000000F)
    __rt_lib_init_preinit_1                  0x08000263   Thumb Code     0  libinit2.o(.ARM.Collect$$libinit$$00000004)
    __rt_lib_init_rand_1                     0x08000263   Thumb Code     0  libinit2.o(.ARM.Collect$$libinit$$0000000E)
    __rt_lib_init_user_alloc_1               0x08000263   Thumb Code     0  libinit2.o(.ARM.Collect$$libinit$$0000000C)
    __rt_lib_init_lc_collate_1               0x08000269   Thumb Code     0  libinit2.o(.ARM.Collect$$libinit$$00000011)
    __rt_lib_init_lc_ctype_1                 0x08000269   Thumb Code     0  libinit2.o(.ARM.Collect$$libinit$$00000013)
    __rt_lib_init_lc_monetary_1              0x08000269   Thumb Code     0  libinit2.o(.ARM.Collect$$libinit$$00000015)
    __rt_lib_init_lc_numeric_2               0x08000269   Thumb Code     0  libinit2.o(.ARM.Collect$$libinit$$00000016)
    __rt_lib_init_alloca_1                   0x08000273   Thumb Code     0  libinit2.o(.ARM.Collect$$libinit$$0000002E)
    __rt_lib_init_argv_1                     0x08000273   Thumb Code     0  libinit2.o(.ARM.Collect$$libinit$$0000002C)
    __rt_lib_init_atexit_1                   0x08000273   Thumb Code     0  libinit2.o(.ARM.Collect$$libinit$$0000001B)
    __rt_lib_init_clock_1                    0x08000273   Thumb Code     0  libinit2.o(.ARM.Collect$$libinit$$00000021)
    __rt_lib_init_cpp_1                      0x08000273   Thumb Code     0  libinit2.o(.ARM.Collect$$libinit$$00000032)
    __rt_lib_init_exceptions_1               0x08000273   Thumb Code     0  libinit2.o(.ARM.Collect$$libinit$$00000030)
    __rt_lib_init_fp_trap_1                  0x08000273   Thumb Code     0  libinit2.o(.ARM.Collect$$libinit$$0000001F)
    __rt_lib_init_getenv_1                   0x08000273   Thumb Code     0  libinit2.o(.ARM.Collect$$libinit$$00000023)
    __rt_lib_init_lc_numeric_1               0x08000273   Thumb Code     0  libinit2.o(.ARM.Collect$$libinit$$00000017)
    __rt_lib_init_lc_time_1                  0x08000273   Thumb Code     0  libinit2.o(.ARM.Collect$$libinit$$00000019)
    __rt_lib_init_return                     0x08000273   Thumb Code     0  libinit2.o(.ARM.Collect$$libinit$$00000033)
    __rt_lib_init_signal_1                   0x08000273   Thumb Code     0  libinit2.o(.ARM.Collect$$libinit$$0000001D)
    __rt_lib_init_stdio_1                    0x08000273   Thumb Code     0  libinit2.o(.ARM.Collect$$libinit$$00000025)
    __rt_lib_shutdown                        0x08000275   Thumb Code     0  libshutdown.o(.ARM.Collect$$libshutdown$$00000000)
    __rt_lib_shutdown_cpp_1                  0x08000277   Thumb Code     0  libshutdown2.o(.ARM.Collect$$libshutdown$$00000004)
    __rt_lib_shutdown_fini_1                 0x08000277   Thumb Code     0  libshutdown2.o(.ARM.Collect$$libshutdown$$00000002)
    __rt_lib_shutdown_fp_trap_1              0x08000277   Thumb Code     0  libshutdown2.o(.ARM.Collect$$libshutdown$$00000009)
    __rt_lib_shutdown_heap_1                 0x08000277   Thumb Code     0  libshutdown2.o(.ARM.Collect$$libshutdown$$00000011)
    __rt_lib_shutdown_return                 0x08000277   Thumb Code     0  libshutdown2.o(.ARM.Collect$$libshutdown$$00000012)
    __rt_lib_shutdown_signal_1               0x08000277   Thumb Code     0  libshutdown2.o(.ARM.Collect$$libshutdown$$0000000C)
    __rt_lib_shutdown_stdio_1                0x08000277   Thumb Code     0  libshutdown2.o(.ARM.Collect$$libshutdown$$00000006)
    __rt_lib_shutdown_user_alloc_1           0x08000277   Thumb Code     0  libshutdown2.o(.ARM.Collect$$libshutdown$$0000000E)
    __rt_entry                               0x08000279   Thumb Code     0  __rtentry.o(.ARM.Collect$$rtentry$$00000000)
    __rt_entry_presh_1                       0x08000279   Thumb Code     0  __rtentry2.o(.ARM.Collect$$rtentry$$00000002)
    __rt_entry_sh                            0x08000279   Thumb Code     0  __rtentry4.o(.ARM.Collect$$rtentry$$00000004)
    __rt_entry_li                            0x0800027f   Thumb Code     0  __rtentry2.o(.ARM.Collect$$rtentry$$0000000A)
    __rt_entry_postsh_1                      0x0800027f   Thumb Code     0  __rtentry2.o(.ARM.Collect$$rtentry$$00000009)
    __rt_entry_main                          0x08000283   Thumb Code     0  __rtentry2.o(.ARM.Collect$$rtentry$$0000000D)
    __rt_entry_postli_1                      0x08000283   Thumb Code     0  __rtentry2.o(.ARM.Collect$$rtentry$$0000000C)
    __rt_exit                                0x0800028b   Thumb Code     0  rtexit.o(.ARM.Collect$$rtexit$$00000000)
    __rt_exit_ls                             0x0800028d   Thumb Code     0  rtexit2.o(.ARM.Collect$$rtexit$$00000003)
    __rt_exit_prels_1                        0x0800028d   Thumb Code     0  rtexit2.o(.ARM.Collect$$rtexit$$00000002)
    __rt_exit_exit                           0x08000291   Thumb Code     0  rtexit2.o(.ARM.Collect$$rtexit$$00000004)
    Reset_Handler                            0x08000299   Thumb Code     8  startup_stm32g431xx.o(.text)
    ADC1_2_IRQHandler                        0x080002b3   Thumb Code     0  startup_stm32g431xx.o(.text)
    COMP1_2_3_IRQHandler                     0x080002b3   Thumb Code     0  startup_stm32g431xx.o(.text)
    COMP4_IRQHandler                         0x080002b3   Thumb Code     0  startup_stm32g431xx.o(.text)
    CORDIC_IRQHandler                        0x080002b3   Thumb Code     0  startup_stm32g431xx.o(.text)
    CRS_IRQHandler                           0x080002b3   Thumb Code     0  startup_stm32g431xx.o(.text)
    DMA1_Channel1_IRQHandler                 0x080002b3   Thumb Code     0  startup_stm32g431xx.o(.text)
    DMA1_Channel2_IRQHandler                 0x080002b3   Thumb Code     0  startup_stm32g431xx.o(.text)
    DMA1_Channel3_IRQHandler                 0x080002b3   Thumb Code     0  startup_stm32g431xx.o(.text)
    DMA1_Channel4_IRQHandler                 0x080002b3   Thumb Code     0  startup_stm32g431xx.o(.text)
    DMA1_Channel5_IRQHandler                 0x080002b3   Thumb Code     0  startup_stm32g431xx.o(.text)
    DMA1_Channel6_IRQHandler                 0x080002b3   Thumb Code     0  startup_stm32g431xx.o(.text)
    DMA2_Channel1_IRQHandler                 0x080002b3   Thumb Code     0  startup_stm32g431xx.o(.text)
    DMA2_Channel2_IRQHandler                 0x080002b3   Thumb Code     0  startup_stm32g431xx.o(.text)
    DMA2_Channel3_IRQHandler                 0x080002b3   Thumb Code     0  startup_stm32g431xx.o(.text)
    DMA2_Channel4_IRQHandler                 0x080002b3   Thumb Code     0  startup_stm32g431xx.o(.text)
    DMA2_Channel5_IRQHandler                 0x080002b3   Thumb Code     0  startup_stm32g431xx.o(.text)
    DMA2_Channel6_IRQHandler                 0x080002b3   Thumb Code     0  startup_stm32g431xx.o(.text)
    DMAMUX_OVR_IRQHandler                    0x080002b3   Thumb Code     0  startup_stm32g431xx.o(.text)
    EXTI0_IRQHandler                         0x080002b3   Thumb Code     0  startup_stm32g431xx.o(.text)
    EXTI15_10_IRQHandler                     0x080002b3   Thumb Code     0  startup_stm32g431xx.o(.text)
    EXTI1_IRQHandler                         0x080002b3   Thumb Code     0  startup_stm32g431xx.o(.text)
    EXTI2_IRQHandler                         0x080002b3   Thumb Code     0  startup_stm32g431xx.o(.text)
    EXTI3_IRQHandler                         0x080002b3   Thumb Code     0  startup_stm32g431xx.o(.text)
    EXTI4_IRQHandler                         0x080002b3   Thumb Code     0  startup_stm32g431xx.o(.text)
    EXTI9_5_IRQHandler                       0x080002b3   Thumb Code     0  startup_stm32g431xx.o(.text)
    FDCAN1_IT0_IRQHandler                    0x080002b3   Thumb Code     0  startup_stm32g431xx.o(.text)
    FDCAN1_IT1_IRQHandler                    0x080002b3   Thumb Code     0  startup_stm32g431xx.o(.text)
    FLASH_IRQHandler                         0x080002b3   Thumb Code     0  startup_stm32g431xx.o(.text)
    FMAC_IRQHandler                          0x080002b3   Thumb Code     0  startup_stm32g431xx.o(.text)
    FPU_IRQHandler                           0x080002b3   Thumb Code     0  startup_stm32g431xx.o(.text)
    I2C1_ER_IRQHandler                       0x080002b3   Thumb Code     0  startup_stm32g431xx.o(.text)
    I2C1_EV_IRQHandler                       0x080002b3   Thumb Code     0  startup_stm32g431xx.o(.text)
    I2C2_ER_IRQHandler                       0x080002b3   Thumb Code     0  startup_stm32g431xx.o(.text)
    I2C2_EV_IRQHandler                       0x080002b3   Thumb Code     0  startup_stm32g431xx.o(.text)
    I2C3_ER_IRQHandler                       0x080002b3   Thumb Code     0  startup_stm32g431xx.o(.text)
    I2C3_EV_IRQHandler                       0x080002b3   Thumb Code     0  startup_stm32g431xx.o(.text)
    LPTIM1_IRQHandler                        0x080002b3   Thumb Code     0  startup_stm32g431xx.o(.text)
    LPUART1_IRQHandler                       0x080002b3   Thumb Code     0  startup_stm32g431xx.o(.text)
    PVD_PVM_IRQHandler                       0x080002b3   Thumb Code     0  startup_stm32g431xx.o(.text)
    RCC_IRQHandler                           0x080002b3   Thumb Code     0  startup_stm32g431xx.o(.text)
    RNG_IRQHandler                           0x080002b3   Thumb Code     0  startup_stm32g431xx.o(.text)
    RTC_Alarm_IRQHandler                     0x080002b3   Thumb Code     0  startup_stm32g431xx.o(.text)
    RTC_TAMP_LSECSS_IRQHandler               0x080002b3   Thumb Code     0  startup_stm32g431xx.o(.text)
    RTC_WKUP_IRQHandler                      0x080002b3   Thumb Code     0  startup_stm32g431xx.o(.text)
    SAI1_IRQHandler                          0x080002b3   Thumb Code     0  startup_stm32g431xx.o(.text)
    SPI1_IRQHandler                          0x080002b3   Thumb Code     0  startup_stm32g431xx.o(.text)
    SPI2_IRQHandler                          0x080002b3   Thumb Code     0  startup_stm32g431xx.o(.text)
    SPI3_IRQHandler                          0x080002b3   Thumb Code     0  startup_stm32g431xx.o(.text)
    TIM1_BRK_TIM15_IRQHandler                0x080002b3   Thumb Code     0  startup_stm32g431xx.o(.text)
    TIM1_CC_IRQHandler                       0x080002b3   Thumb Code     0  startup_stm32g431xx.o(.text)
    TIM1_TRG_COM_TIM17_IRQHandler            0x080002b3   Thumb Code     0  startup_stm32g431xx.o(.text)
    TIM1_UP_TIM16_IRQHandler                 0x080002b3   Thumb Code     0  startup_stm32g431xx.o(.text)
    TIM2_IRQHandler                          0x080002b3   Thumb Code     0  startup_stm32g431xx.o(.text)
    TIM3_IRQHandler                          0x080002b3   Thumb Code     0  startup_stm32g431xx.o(.text)
    TIM4_IRQHandler                          0x080002b3   Thumb Code     0  startup_stm32g431xx.o(.text)
    TIM6_DAC_IRQHandler                      0x080002b3   Thumb Code     0  startup_stm32g431xx.o(.text)
    TIM7_IRQHandler                          0x080002b3   Thumb Code     0  startup_stm32g431xx.o(.text)
    TIM8_BRK_IRQHandler                      0x080002b3   Thumb Code     0  startup_stm32g431xx.o(.text)
    TIM8_CC_IRQHandler                       0x080002b3   Thumb Code     0  startup_stm32g431xx.o(.text)
    TIM8_TRG_COM_IRQHandler                  0x080002b3   Thumb Code     0  startup_stm32g431xx.o(.text)
    TIM8_UP_IRQHandler                       0x080002b3   Thumb Code     0  startup_stm32g431xx.o(.text)
    UART4_IRQHandler                         0x080002b3   Thumb Code     0  startup_stm32g431xx.o(.text)
    UCPD1_IRQHandler                         0x080002b3   Thumb Code     0  startup_stm32g431xx.o(.text)
    USART2_IRQHandler                        0x080002b3   Thumb Code     0  startup_stm32g431xx.o(.text)
    USART3_IRQHandler                        0x080002b3   Thumb Code     0  startup_stm32g431xx.o(.text)
    USBWakeUp_IRQHandler                     0x080002b3   Thumb Code     0  startup_stm32g431xx.o(.text)
    USB_HP_IRQHandler                        0x080002b3   Thumb Code     0  startup_stm32g431xx.o(.text)
    USB_LP_IRQHandler                        0x080002b3   Thumb Code     0  startup_stm32g431xx.o(.text)
    WWDG_IRQHandler                          0x080002b3   Thumb Code     0  startup_stm32g431xx.o(.text)
    __user_initial_stackheap                 0x080002b5   Thumb Code     0  startup_stm32g431xx.o(.text)
    __aeabi_uldivmod                         0x080002d9   Thumb Code     0  lludivv7m.o(.text)
    _ll_udiv                                 0x080002d9   Thumb Code   238  lludivv7m.o(.text)
    __2sprintf                               0x080003c9   Thumb Code    34  noretval__2sprintf.o(.text)
    _printf_pre_padding                      0x080003f1   Thumb Code    44  _printf_pad.o(.text)
    _printf_post_padding                     0x0800041d   Thumb Code    34  _printf_pad.o(.text)
    _printf_int_dec                          0x08000441   Thumb Code   104  _printf_dec.o(.text)
    __printf                                 0x080004b9   Thumb Code   270  __printf_wp.o(.text)
    __aeabi_memclr4                          0x080005c7   Thumb Code     0  rt_memclr_w.o(.text)
    __aeabi_memclr8                          0x080005c7   Thumb Code     0  rt_memclr_w.o(.text)
    __rt_memclr_w                            0x080005c7   Thumb Code    78  rt_memclr_w.o(.text)
    _memset_w                                0x080005cb   Thumb Code     0  rt_memclr_w.o(.text)
    __use_two_region_memory                  0x08000615   Thumb Code     2  heapauxi.o(.text)
    __rt_heap_escrow$2region                 0x08000617   Thumb Code     2  heapauxi.o(.text)
    __rt_heap_expand$2region                 0x08000619   Thumb Code     2  heapauxi.o(.text)
    _printf_int_common                       0x0800061b   Thumb Code   178  _printf_intcommon.o(.text)
    __lib_sel_fp_printf                      0x080006cd   Thumb Code     2  _printf_fp_dec.o(.text)
    _printf_fp_dec_real                      0x0800087f   Thumb Code   620  _printf_fp_dec.o(.text)
    _printf_char_common                      0x08000af7   Thumb Code    32  _printf_char_common.o(.text)
    _sputc                                   0x08000b1d   Thumb Code    10  _sputc.o(.text)
    __rt_locale                              0x08000b29   Thumb Code     8  rt_locale_intlibspace.o(.text)
    _ll_udiv10                               0x08000b31   Thumb Code   138  lludiv10.o(.text)
    _printf_fp_infnan                        0x08000bbd   Thumb Code   112  _printf_fp_infnan.o(.text)
    _btod_etento                             0x08000c3d   Thumb Code   224  bigflt0.o(.text)
    __user_libspace                          0x08000d21   Thumb Code     8  libspace.o(.text)
    __user_perproc_libspace                  0x08000d21   Thumb Code     0  libspace.o(.text)
    __user_perthread_libspace                0x08000d21   Thumb Code     0  libspace.o(.text)
    __user_setup_stackheap                   0x08000d29   Thumb Code    74  sys_stackheap_outer.o(.text)
    exit                                     0x08000d73   Thumb Code    18  exit.o(.text)
    strcmp                                   0x08000d85   Thumb Code   128  strcmpv7m.o(.text)
    _sys_exit                                0x08000e05   Thumb Code     8  sys_exit.o(.text)
    __I$use$semihosting                      0x08000e11   Thumb Code     0  use_no_semi.o(.text)
    __use_no_semihosting_swi                 0x08000e11   Thumb Code     2  use_no_semi.o(.text)
    __semihosting_library_function           0x08000e13   Thumb Code     0  indicate_semi.o(.text)
    _btod_d2e                                0x08000e13   Thumb Code    62  btod.o(CL$$btod_d2e)
    _d2e_denorm_low                          0x08000e51   Thumb Code    70  btod.o(CL$$btod_d2e_denorm_low)
    _d2e_norm_op1                            0x08000e97   Thumb Code    96  btod.o(CL$$btod_d2e_norm_op1)
    __btod_div_common                        0x08000ef7   Thumb Code   696  btod.o(CL$$btod_div_common)
    _e2e                                     0x0800122f   Thumb Code   220  btod.o(CL$$btod_e2e)
    _btod_ediv                               0x0800130b   Thumb Code    42  btod.o(CL$$btod_ediv)
    _btod_emul                               0x08001335   Thumb Code    42  btod.o(CL$$btod_emul)
    __btod_mult_common                       0x0800135f   Thumb Code   580  btod.o(CL$$btod_mult_common)
    BusFault_Handler                         0x080015a3   Thumb Code     2  stm32g4xx_it.o(i.BusFault_Handler)
    DebugMon_Handler                         0x080015a5   Thumb Code     2  stm32g4xx_it.o(i.DebugMon_Handler)
    Delay_LCD                                0x080015a7   Thumb Code    28  lcd.o(i.Delay_LCD)
    Error_Handler                            0x080015c3   Thumb Code     4  main.o(i.Error_Handler)
    HAL_DMA_Abort                            0x080015c7   Thumb Code   106  stm32g4xx_hal_dma.o(i.HAL_DMA_Abort)
    HAL_DMA_Abort_IT                         0x08001631   Thumb Code   120  stm32g4xx_hal_dma.o(i.HAL_DMA_Abort_IT)
    HAL_Delay                                0x080016a9   Thumb Code    32  stm32g4xx_hal.o(i.HAL_Delay)
    HAL_GPIO_Init                            0x080016cd   Thumb Code   550  stm32g4xx_hal_gpio.o(i.HAL_GPIO_Init)
    HAL_GPIO_ReadPin                         0x08001915   Thumb Code    10  stm32g4xx_hal_gpio.o(i.HAL_GPIO_ReadPin)
    HAL_GPIO_WritePin                        0x0800191f   Thumb Code    10  stm32g4xx_hal_gpio.o(i.HAL_GPIO_WritePin)
    HAL_GetTick                              0x08001929   Thumb Code     6  stm32g4xx_hal.o(i.HAL_GetTick)
    HAL_IncTick                              0x08001935   Thumb Code    12  stm32g4xx_hal.o(i.HAL_IncTick)
    HAL_Init                                 0x08001945   Thumb Code    30  stm32g4xx_hal.o(i.HAL_Init)
    HAL_InitTick                             0x08001965   Thumb Code    58  stm32g4xx_hal.o(i.HAL_InitTick)
    HAL_MspInit                              0x080019a9   Thumb Code    42  stm32g4xx_hal_msp.o(i.HAL_MspInit)
    HAL_NVIC_EnableIRQ                       0x080019d9   Thumb Code    26  stm32g4xx_hal_cortex.o(i.HAL_NVIC_EnableIRQ)
    HAL_NVIC_SetPriority                     0x080019f5   Thumb Code    60  stm32g4xx_hal_cortex.o(i.HAL_NVIC_SetPriority)
    HAL_NVIC_SetPriorityGrouping             0x08001a35   Thumb Code    26  stm32g4xx_hal_cortex.o(i.HAL_NVIC_SetPriorityGrouping)
    HAL_PWREx_ControlVoltageScaling          0x08001a59   Thumb Code   174  stm32g4xx_hal_pwr_ex.o(i.HAL_PWREx_ControlVoltageScaling)
    HAL_PWREx_DisableUCPDDeadBattery         0x08001b15   Thumb Code    12  stm32g4xx_hal_pwr_ex.o(i.HAL_PWREx_DisableUCPDDeadBattery)
    HAL_RCCEx_PeriphCLKConfig                0x08001b25   Thumb Code   638  stm32g4xx_hal_rcc_ex.o(i.HAL_RCCEx_PeriphCLKConfig)
    HAL_RCC_ClockConfig                      0x08001dad   Thumb Code   444  stm32g4xx_hal_rcc.o(i.HAL_RCC_ClockConfig)
    HAL_RCC_GetPCLK1Freq                     0x08001f89   Thumb Code    24  stm32g4xx_hal_rcc.o(i.HAL_RCC_GetPCLK1Freq)
    HAL_RCC_GetPCLK2Freq                     0x08001fad   Thumb Code    24  stm32g4xx_hal_rcc.o(i.HAL_RCC_GetPCLK2Freq)
    HAL_RCC_GetSysClockFreq                  0x08001fd1   Thumb Code    98  stm32g4xx_hal_rcc.o(i.HAL_RCC_GetSysClockFreq)
    HAL_RCC_OscConfig                        0x08002041   Thumb Code  1028  stm32g4xx_hal_rcc.o(i.HAL_RCC_OscConfig)
    HAL_SYSTICK_Config                       0x08002445   Thumb Code    40  stm32g4xx_hal_cortex.o(i.HAL_SYSTICK_Config)
    HAL_TIMEx_MasterConfigSynchronization    0x0800246d   Thumb Code   132  stm32g4xx_hal_tim_ex.o(i.HAL_TIMEx_MasterConfigSynchronization)
    HAL_TIM_MspPostInit                      0x08002509   Thumb Code    70  tim.o(i.HAL_TIM_MspPostInit)
    HAL_TIM_PWM_ConfigChannel                0x08002555   Thumb Code   292  stm32g4xx_hal_tim.o(i.HAL_TIM_PWM_ConfigChannel)
    HAL_TIM_PWM_Init                         0x08002679   Thumb Code    98  stm32g4xx_hal_tim.o(i.HAL_TIM_PWM_Init)
    HAL_TIM_PWM_MspInit                      0x080026dd   Thumb Code    30  tim.o(i.HAL_TIM_PWM_MspInit)
    HAL_TIM_PWM_Start                        0x08002701   Thumb Code   218  stm32g4xx_hal_tim.o(i.HAL_TIM_PWM_Start)
    HAL_UARTEx_DisableFifoMode               0x080027fd   Thumb Code    62  stm32g4xx_hal_uart_ex.o(i.HAL_UARTEx_DisableFifoMode)
    HAL_UARTEx_RxEventCallback               0x0800283b   Thumb Code     2  stm32g4xx_hal_uart.o(i.HAL_UARTEx_RxEventCallback)
    HAL_UARTEx_RxFifoFullCallback            0x0800283d   Thumb Code     2  stm32g4xx_hal_uart_ex.o(i.HAL_UARTEx_RxFifoFullCallback)
    HAL_UARTEx_SetRxFifoThreshold            0x0800283f   Thumb Code    76  stm32g4xx_hal_uart_ex.o(i.HAL_UARTEx_SetRxFifoThreshold)
    HAL_UARTEx_SetTxFifoThreshold            0x0800288b   Thumb Code    76  stm32g4xx_hal_uart_ex.o(i.HAL_UARTEx_SetTxFifoThreshold)
    HAL_UARTEx_TxFifoEmptyCallback           0x080028d7   Thumb Code     2  stm32g4xx_hal_uart_ex.o(i.HAL_UARTEx_TxFifoEmptyCallback)
    HAL_UARTEx_WakeupCallback                0x080028d9   Thumb Code     2  stm32g4xx_hal_uart_ex.o(i.HAL_UARTEx_WakeupCallback)
    HAL_UART_ErrorCallback                   0x080028db   Thumb Code     2  stm32g4xx_hal_uart.o(i.HAL_UART_ErrorCallback)
    HAL_UART_IRQHandler                      0x080028dd   Thumb Code   782  stm32g4xx_hal_uart.o(i.HAL_UART_IRQHandler)
    HAL_UART_Init                            0x08002bf9   Thumb Code   106  stm32g4xx_hal_uart.o(i.HAL_UART_Init)
    HAL_UART_MspInit                         0x08002c65   Thumb Code   132  usart.o(i.HAL_UART_MspInit)
    HAL_UART_Receive_IT                      0x08002cf1   Thumb Code    66  stm32g4xx_hal_uart.o(i.HAL_UART_Receive_IT)
    HAL_UART_RxCpltCallback                  0x08002d39   Thumb Code    86  fun.o(i.HAL_UART_RxCpltCallback)
    HAL_UART_Transmit                        0x08002db1   Thumb Code   174  stm32g4xx_hal_uart.o(i.HAL_UART_Transmit)
    HAL_UART_TxCpltCallback                  0x08002e5f   Thumb Code     2  stm32g4xx_hal_uart.o(i.HAL_UART_TxCpltCallback)
    HardFault_Handler                        0x08002e61   Thumb Code     2  stm32g4xx_it.o(i.HardFault_Handler)
    I2CInit                                  0x08002e65   Thumb Code    38  i2c_hal.o(i.I2CInit)
    I2CReceiveByte                           0x08002e91   Thumb Code    78  i2c_hal.o(i.I2CReceiveByte)
    I2CSendAck                               0x08002edf   Thumb Code    48  i2c_hal.o(i.I2CSendAck)
    I2CSendByte                              0x08002f0f   Thumb Code    78  i2c_hal.o(i.I2CSendByte)
    I2CSendNotAck                            0x08002f5d   Thumb Code    48  i2c_hal.o(i.I2CSendNotAck)
    I2CStart                                 0x08002f8d   Thumb Code    54  i2c_hal.o(i.I2CStart)
    I2CStop                                  0x08002fc3   Thumb Code    54  i2c_hal.o(i.I2CStop)
    I2CWaitAck                               0x08002ff9   Thumb Code    78  i2c_hal.o(i.I2CWaitAck)
    LCD_BusIn                                0x08003049   Thumb Code    40  lcd.o(i.LCD_BusIn)
    LCD_BusOut                               0x08003075   Thumb Code    42  lcd.o(i.LCD_BusOut)
    LCD_Clear                                0x080030a5   Thumb Code    36  lcd.o(i.LCD_Clear)
    LCD_CtrlLinesConfig                      0x080030c9   Thumb Code   134  lcd.o(i.LCD_CtrlLinesConfig)
    LCD_DisplayChar                          0x08003159   Thumb Code    18  lcd.o(i.LCD_DisplayChar)
    LCD_DisplayStringLine                    0x08003171   Thumb Code    42  lcd.o(i.LCD_DisplayStringLine)
    LCD_DrawChar                             0x0800319d   Thumb Code    84  lcd.o(i.LCD_DrawChar)
    LCD_Init                                 0x080031f5   Thumb Code    46  lcd.o(i.LCD_Init)
    LCD_ReadReg                              0x08003229   Thumb Code   120  lcd.o(i.LCD_ReadReg)
    LCD_SetBackColor                         0x080032a9   Thumb Code    12  lcd.o(i.LCD_SetBackColor)
    LCD_SetCursor                            0x080032b9   Thumb Code    24  lcd.o(i.LCD_SetCursor)
    LCD_SetTextColor                         0x080032d1   Thumb Code    12  lcd.o(i.LCD_SetTextColor)
    LCD_WriteRAM                             0x080032e1   Thumb Code    80  lcd.o(i.LCD_WriteRAM)
    LCD_WriteRAM_Prepare                     0x08003339   Thumb Code    82  lcd.o(i.LCD_WriteRAM_Prepare)
    LCD_WriteReg                             0x08003395   Thumb Code   100  lcd.o(i.LCD_WriteReg)
    MX_GPIO_Init                             0x08003401   Thumb Code   194  gpio.o(i.MX_GPIO_Init)
    MX_TIM2_Init                             0x080034d5   Thumb Code   108  tim.o(i.MX_TIM2_Init)
    MX_USART1_UART_Init                      0x08003545   Thumb Code    94  usart.o(i.MX_USART1_UART_Init)
    MemManage_Handler                        0x080035ad   Thumb Code     2  stm32g4xx_it.o(i.MemManage_Handler)
    NMI_Handler                              0x080035af   Thumb Code     2  stm32g4xx_it.o(i.NMI_Handler)
    PendSV_Handler                           0x080035b1   Thumb Code     2  stm32g4xx_it.o(i.PendSV_Handler)
    REG_8230_Init                            0x080035b3   Thumb Code   274  lcd.o(i.REG_8230_Init)
    REG_932X_Init                            0x080036c5   Thumb Code   514  lcd.o(i.REG_932X_Init)
    SCL_Output                               0x080038c9   Thumb Code    20  i2c_hal.o(i.SCL_Output)
    SDA_Input                                0x080038e1   Thumb Code    18  i2c_hal.o(i.SDA_Input)
    SDA_Input_Mode                           0x080038f9   Thumb Code    40  i2c_hal.o(i.SDA_Input_Mode)
    SDA_Output                               0x08003925   Thumb Code    20  i2c_hal.o(i.SDA_Output)
    SDA_Output_Mode                          0x0800393d   Thumb Code    40  i2c_hal.o(i.SDA_Output_Mode)
    SVC_Handler                              0x08003969   Thumb Code     2  stm32g4xx_it.o(i.SVC_Handler)
    SysTick_Handler                          0x0800396b   Thumb Code     4  stm32g4xx_it.o(i.SysTick_Handler)
    SystemClock_Config                       0x0800396f   Thumb Code   102  main.o(i.SystemClock_Config)
    SystemInit                               0x080039d5   Thumb Code    12  system_stm32g4xx.o(i.SystemInit)
    TIM_Base_SetConfig                       0x080039e5   Thumb Code   160  stm32g4xx_hal_tim.o(i.TIM_Base_SetConfig)
    TIM_CCxChannelCmd                        0x08003aa1   Thumb Code    26  stm32g4xx_hal_tim.o(i.TIM_CCxChannelCmd)
    TIM_OC2_SetConfig                        0x08003b59   Thumb Code   120  stm32g4xx_hal_tim.o(i.TIM_OC2_SetConfig)
    UART_AdvFeatureConfig                    0x08003e2d   Thumb Code   200  stm32g4xx_hal_uart.o(i.UART_AdvFeatureConfig)
    UART_CheckIdleState                      0x08003ef5   Thumb Code   172  stm32g4xx_hal_uart.o(i.UART_CheckIdleState)
    UART_SetConfig                           0x080044d9   Thumb Code   582  stm32g4xx_hal_uart.o(i.UART_SetConfig)
    UART_Start_Receive_IT                    0x0800474d   Thumb Code   256  stm32g4xx_hal_uart.o(i.UART_Start_Receive_IT)
    UART_WaitOnFlagUntilTimeout              0x0800485d   Thumb Code   148  stm32g4xx_hal_uart.o(i.UART_WaitOnFlagUntilTimeout)
    USART1_IRQHandler                        0x080048f1   Thumb Code     6  stm32g4xx_it.o(i.USART1_IRQHandler)
    UsageFault_Handler                       0x080048fd   Thumb Code     2  stm32g4xx_it.o(i.UsageFault_Handler)
    __ARM_fpclassify                         0x080048ff   Thumb Code    48  fpclassify.o(i.__ARM_fpclassify)
    _is_digit                                0x0800494f   Thumb Code    14  __printf_wp.o(i._is_digit)
    eeprom_init                              0x08004971   Thumb Code   216  fun.o(i.eeprom_init)
    eeprom_read                              0x08004a4d   Thumb Code    82  i2c_hal.o(i.eeprom_read)
    eeprom_write                             0x08004aa1   Thumb Code    74  i2c_hal.o(i.eeprom_write)
    key_scan                                 0x08004aed   Thumb Code   618  fun.o(i.key_scan)
    lcd_show                                 0x08004d8d   Thumb Code   152  fun.o(i.lcd_show)
    led0                                     0x08004ed5   Thumb Code    82  fun.o(i.led0)
    led_Disp                                 0x08004f31   Thumb Code    74  fun.o(i.led_Disp)
    main                                     0x08004f85   Thumb Code   134  main.o(i.main)
    pwm_set_duty                             0x0800501d   Thumb Code    40  fun.o(i.pwm_set_duty)
    yes_shop                                 0x08005049   Thumb Code    54  fun.o(i.yes_shop)
    _get_lc_numeric                          0x08005089   Thumb Code    44  lc_numeric_c.o(locale$$code)
    __aeabi_d2f                              0x080050b5   Thumb Code     0  d2f.o(x$fpl$d2f)
    _d2f                                     0x080050b5   Thumb Code    98  d2f.o(x$fpl$d2f)
    __aeabi_dadd                             0x08005119   Thumb Code     0  daddsub_clz.o(x$fpl$dadd)
    _dadd                                    0x08005119   Thumb Code   332  daddsub_clz.o(x$fpl$dadd)
    __fpl_dnaninf                            0x08005269   Thumb Code   156  dnaninf.o(x$fpl$dnaninf)
    __fpl_dretinf                            0x08005305   Thumb Code    12  dretinf.o(x$fpl$dretinf)
    __aeabi_dsub                             0x08005311   Thumb Code     0  daddsub_clz.o(x$fpl$dsub)
    _dsub                                    0x08005311   Thumb Code   464  daddsub_clz.o(x$fpl$dsub)
    __aeabi_f2d                              0x080054e5   Thumb Code     0  f2d.o(x$fpl$f2d)
    _f2d                                     0x080054e5   Thumb Code    86  f2d.o(x$fpl$f2d)
    __fpl_fnaninf                            0x0800553b   Thumb Code   140  fnaninf.o(x$fpl$fnaninf)
    _fp_init                                 0x080055c7   Thumb Code    10  fpinit.o(x$fpl$fpinit)
    __fplib_config_fpu_vfp                   0x080055cf   Thumb Code     0  fpinit.o(x$fpl$fpinit)
    __fplib_config_pureend_doubles           0x080055cf   Thumb Code     0  fpinit.o(x$fpl$fpinit)
    __fpl_fretinf                            0x080055d1   Thumb Code    10  fretinf.o(x$fpl$fretinf)
    _printf_fp_dec                           0x080055db   Thumb Code     4  printf1.o(x$fpl$printf1)
    UARTPrescTable                           0x080055de   Data          24  stm32g4xx_hal_uart.o(.constdata)
    __I$use$fp                               0x080055de   Number         0  usenofp.o(x$fpl$usenofp)
    AHBPrescTable                            0x08005606   Data          16  system_stm32g4xx.o(.constdata)
    APBPrescTable                            0x08005616   Data           8  system_stm32g4xx.o(.constdata)
    ASCII_Table                              0x0800561e   Data        4560  lcd.o(.constdata)
    Region$$Table$$Base                      0x08006884   Number         0  anon$$obj.o(Region$$Table)
    Region$$Table$$Limit                     0x080068a4   Number         0  anon$$obj.o(Region$$Table)
    uwTickPrio                               0x20000000   Data           4  stm32g4xx_hal.o(.data)
    uwTickFreq                               0x20000004   Data           4  stm32g4xx_hal.o(.data)
    uwTick                                   0x20000008   Data           4  stm32g4xx_hal.o(.data)
    SystemCoreClock                          0x2000000c   Data           4  system_stm32g4xx.o(.data)
    B1_last_state                            0x20000010   Data           1  fun.o(.data)
    B2_last_state                            0x20000011   Data           1  fun.o(.data)
    B3_last_state                            0x20000012   Data           1  fun.o(.data)
    B4_last_state                            0x20000013   Data           1  fun.o(.data)
    x_prise_t                                0x20000014   Data           1  fun.o(.data)
    y_prise_t                                0x20000015   Data           1  fun.o(.data)
    x_rep                                    0x20000016   Data           1  fun.o(.data)
    y_rep                                    0x20000017   Data           1  fun.o(.data)
    lcd_page                                 0x20000018   Data           1  fun.o(.data)
    B1_state                                 0x20000019   Data           1  fun.o(.data)
    B2_state                                 0x2000001a   Data           1  fun.o(.data)
    B3_state                                 0x2000001b   Data           1  fun.o(.data)
    B4_state                                 0x2000001c   Data           1  fun.o(.data)
    rx_data                                  0x2000001d   Data           1  fun.o(.data)
    x_shop                                   0x2000001e   Data           1  fun.o(.data)
    y_shop                                   0x2000001f   Data           1  fun.o(.data)
    yes_shop_flag                            0x20000020   Data           1  fun.o(.data)
    yes_rep_flag                             0x20000021   Data           1  fun.o(.data)
    led_rep_flag                             0x20000022   Data           1  fun.o(.data)
    one_flag                                 0x20000023   Data           1  fun.o(.data)
    x_prise                                  0x20000024   Data           4  fun.o(.data)
    y_prise                                  0x20000028   Data           4  fun.o(.data)
    uwTick_yes_shop_Point                    0x2000002c   Data           4  fun.o(.data)
    uwTick_led_rep_Point                     0x20000030   Data           4  fun.o(.data)
    z                                        0x20000034   Data           4  fun.o(.data)
    dummy                                    0x2000003c   Data           2  lcd.o(.data)
    htim2                                    0x20000040   Data          76  tim.o(.bss)
    huart1                                   0x2000008c   Data         148  usart.o(.bss)
    lcd_text                                 0x20000120   Data          25  fun.o(.bss)
    usart_text                               0x20000139   Data          20  fun.o(.bss)
    __libspace_start                         0x20000150   Data          96  libspace.o(.bss)
    __temporary_stack_top$libspace           0x200001b0   Data           0  libspace.o(.bss)



==============================================================================

Memory Map of the image

  Image Entry point : 0x080001d9

  Load Region LR_IROM1 (Base: 0x08000000, Size: 0x00006900, Max: 0x00020000, ABSOLUTE)

    Execution Region ER_IROM1 (Exec base: 0x08000000, Load base: 0x08000000, Size: 0x000068c0, Max: 0x00020000, ABSOLUTE)

    Exec Addr    Load Addr    Size         Type   Attr      Idx    E Section Name        Object

    0x08000000   0x08000000   0x000001d8   Data   RO            3    RESET               startup_stm32g431xx.o
    0x080001d8   0x080001d8   0x00000008   Code   RO         4068  * !!!main             c_w.l(__main.o)
    0x080001e0   0x080001e0   0x00000034   Code   RO         4312    !!!scatter          c_w.l(__scatter.o)
    0x08000214   0x08000214   0x0000001a   Code   RO         4314    !!handler_copy      c_w.l(__scatter_copy.o)
    0x0800022e   0x0800022e   0x00000002   PAD
    0x08000230   0x08000230   0x0000001c   Code   RO         4316    !!handler_zi        c_w.l(__scatter_zi.o)
    0x0800024c   0x0800024c   0x00000000   Code   RO         4063    .ARM.Collect$$_printf_percent$$00000000  c_w.l(_printf_percent.o)
    0x0800024c   0x0800024c   0x00000006   Code   RO         4062    .ARM.Collect$$_printf_percent$$00000003  c_w.l(_printf_f.o)
    0x08000252   0x08000252   0x00000006   Code   RO         4061    .ARM.Collect$$_printf_percent$$00000009  c_w.l(_printf_d.o)
    0x08000258   0x08000258   0x00000004   Code   RO         4095    .ARM.Collect$$_printf_percent$$00000017  c_w.l(_printf_percent_end.o)
    0x0800025c   0x0800025c   0x00000002   Code   RO         4183    .ARM.Collect$$libinit$$00000000  c_w.l(libinit.o)
    0x0800025e   0x0800025e   0x00000004   Code   RO         4184    .ARM.Collect$$libinit$$00000001  c_w.l(libinit2.o)
    0x08000262   0x08000262   0x00000000   Code   RO         4187    .ARM.Collect$$libinit$$00000004  c_w.l(libinit2.o)
    0x08000262   0x08000262   0x00000000   Code   RO         4190    .ARM.Collect$$libinit$$0000000A  c_w.l(libinit2.o)
    0x08000262   0x08000262   0x00000000   Code   RO         4192    .ARM.Collect$$libinit$$0000000C  c_w.l(libinit2.o)
    0x08000262   0x08000262   0x00000000   Code   RO         4194    .ARM.Collect$$libinit$$0000000E  c_w.l(libinit2.o)
    0x08000262   0x08000262   0x00000006   Code   RO         4195    .ARM.Collect$$libinit$$0000000F  c_w.l(libinit2.o)
    0x08000268   0x08000268   0x00000000   Code   RO         4197    .ARM.Collect$$libinit$$00000011  c_w.l(libinit2.o)
    0x08000268   0x08000268   0x00000000   Code   RO         4199    .ARM.Collect$$libinit$$00000013  c_w.l(libinit2.o)
    0x08000268   0x08000268   0x00000000   Code   RO         4201    .ARM.Collect$$libinit$$00000015  c_w.l(libinit2.o)
    0x08000268   0x08000268   0x0000000a   Code   RO         4202    .ARM.Collect$$libinit$$00000016  c_w.l(libinit2.o)
    0x08000272   0x08000272   0x00000000   Code   RO         4203    .ARM.Collect$$libinit$$00000017  c_w.l(libinit2.o)
    0x08000272   0x08000272   0x00000000   Code   RO         4205    .ARM.Collect$$libinit$$00000019  c_w.l(libinit2.o)
    0x08000272   0x08000272   0x00000000   Code   RO         4207    .ARM.Collect$$libinit$$0000001B  c_w.l(libinit2.o)
    0x08000272   0x08000272   0x00000000   Code   RO         4209    .ARM.Collect$$libinit$$0000001D  c_w.l(libinit2.o)
    0x08000272   0x08000272   0x00000000   Code   RO         4211    .ARM.Collect$$libinit$$0000001F  c_w.l(libinit2.o)
    0x08000272   0x08000272   0x00000000   Code   RO         4213    .ARM.Collect$$libinit$$00000021  c_w.l(libinit2.o)
    0x08000272   0x08000272   0x00000000   Code   RO         4215    .ARM.Collect$$libinit$$00000023  c_w.l(libinit2.o)
    0x08000272   0x08000272   0x00000000   Code   RO         4217    .ARM.Collect$$libinit$$00000025  c_w.l(libinit2.o)
    0x08000272   0x08000272   0x00000000   Code   RO         4221    .ARM.Collect$$libinit$$0000002C  c_w.l(libinit2.o)
    0x08000272   0x08000272   0x00000000   Code   RO         4223    .ARM.Collect$$libinit$$0000002E  c_w.l(libinit2.o)
    0x08000272   0x08000272   0x00000000   Code   RO         4225    .ARM.Collect$$libinit$$00000030  c_w.l(libinit2.o)
    0x08000272   0x08000272   0x00000000   Code   RO         4227    .ARM.Collect$$libinit$$00000032  c_w.l(libinit2.o)
    0x08000272   0x08000272   0x00000002   Code   RO         4228    .ARM.Collect$$libinit$$00000033  c_w.l(libinit2.o)
    0x08000274   0x08000274   0x00000002   Code   RO         4275    .ARM.Collect$$libshutdown$$00000000  c_w.l(libshutdown.o)
    0x08000276   0x08000276   0x00000000   Code   RO         4293    .ARM.Collect$$libshutdown$$00000002  c_w.l(libshutdown2.o)
    0x08000276   0x08000276   0x00000000   Code   RO         4295    .ARM.Collect$$libshutdown$$00000004  c_w.l(libshutdown2.o)
    0x08000276   0x08000276   0x00000000   Code   RO         4297    .ARM.Collect$$libshutdown$$00000006  c_w.l(libshutdown2.o)
    0x08000276   0x08000276   0x00000000   Code   RO         4300    .ARM.Collect$$libshutdown$$00000009  c_w.l(libshutdown2.o)
    0x08000276   0x08000276   0x00000000   Code   RO         4303    .ARM.Collect$$libshutdown$$0000000C  c_w.l(libshutdown2.o)
    0x08000276   0x08000276   0x00000000   Code   RO         4305    .ARM.Collect$$libshutdown$$0000000E  c_w.l(libshutdown2.o)
    0x08000276   0x08000276   0x00000000   Code   RO         4308    .ARM.Collect$$libshutdown$$00000011  c_w.l(libshutdown2.o)
    0x08000276   0x08000276   0x00000002   Code   RO         4309    .ARM.Collect$$libshutdown$$00000012  c_w.l(libshutdown2.o)
    0x08000278   0x08000278   0x00000000   Code   RO         4082    .ARM.Collect$$rtentry$$00000000  c_w.l(__rtentry.o)
    0x08000278   0x08000278   0x00000000   Code   RO         4106    .ARM.Collect$$rtentry$$00000002  c_w.l(__rtentry2.o)
    0x08000278   0x08000278   0x00000006   Code   RO         4118    .ARM.Collect$$rtentry$$00000004  c_w.l(__rtentry4.o)
    0x0800027e   0x0800027e   0x00000000   Code   RO         4108    .ARM.Collect$$rtentry$$00000009  c_w.l(__rtentry2.o)
    0x0800027e   0x0800027e   0x00000004   Code   RO         4109    .ARM.Collect$$rtentry$$0000000A  c_w.l(__rtentry2.o)
    0x08000282   0x08000282   0x00000000   Code   RO         4111    .ARM.Collect$$rtentry$$0000000C  c_w.l(__rtentry2.o)
    0x08000282   0x08000282   0x00000008   Code   RO         4112    .ARM.Collect$$rtentry$$0000000D  c_w.l(__rtentry2.o)
    0x0800028a   0x0800028a   0x00000002   Code   RO         4229    .ARM.Collect$$rtexit$$00000000  c_w.l(rtexit.o)
    0x0800028c   0x0800028c   0x00000000   Code   RO         4244    .ARM.Collect$$rtexit$$00000002  c_w.l(rtexit2.o)
    0x0800028c   0x0800028c   0x00000004   Code   RO         4245    .ARM.Collect$$rtexit$$00000003  c_w.l(rtexit2.o)
    0x08000290   0x08000290   0x00000006   Code   RO         4246    .ARM.Collect$$rtexit$$00000004  c_w.l(rtexit2.o)
    0x08000296   0x08000296   0x00000002   PAD
    0x08000298   0x08000298   0x00000040   Code   RO            4    .text               startup_stm32g431xx.o
    0x080002d8   0x080002d8   0x000000ee   Code   RO         4029    .text               c_w.l(lludivv7m.o)
    0x080003c6   0x080003c6   0x00000002   PAD
    0x080003c8   0x080003c8   0x00000028   Code   RO         4033    .text               c_w.l(noretval__2sprintf.o)
    0x080003f0   0x080003f0   0x0000004e   Code   RO         4037    .text               c_w.l(_printf_pad.o)
    0x0800043e   0x0800043e   0x00000002   PAD
    0x08000440   0x08000440   0x00000078   Code   RO         4039    .text               c_w.l(_printf_dec.o)
    0x080004b8   0x080004b8   0x0000010e   Code   RO         4049    .text               c_w.l(__printf_wp.o)
    0x080005c6   0x080005c6   0x0000004e   Code   RO         4064    .text               c_w.l(rt_memclr_w.o)
    0x08000614   0x08000614   0x00000006   Code   RO         4066    .text               c_w.l(heapauxi.o)
    0x0800061a   0x0800061a   0x000000b2   Code   RO         4087    .text               c_w.l(_printf_intcommon.o)
    0x080006cc   0x080006cc   0x0000041e   Code   RO         4089    .text               c_w.l(_printf_fp_dec.o)
    0x08000aea   0x08000aea   0x00000002   PAD
    0x08000aec   0x08000aec   0x00000030   Code   RO         4091    .text               c_w.l(_printf_char_common.o)
    0x08000b1c   0x08000b1c   0x0000000a   Code   RO         4093    .text               c_w.l(_sputc.o)
    0x08000b26   0x08000b26   0x00000002   PAD
    0x08000b28   0x08000b28   0x00000008   Code   RO         4125    .text               c_w.l(rt_locale_intlibspace.o)
    0x08000b30   0x08000b30   0x0000008a   Code   RO         4127    .text               c_w.l(lludiv10.o)
    0x08000bba   0x08000bba   0x00000002   PAD
    0x08000bbc   0x08000bbc   0x00000080   Code   RO         4129    .text               c_w.l(_printf_fp_infnan.o)
    0x08000c3c   0x08000c3c   0x000000e4   Code   RO         4133    .text               c_w.l(bigflt0.o)
    0x08000d20   0x08000d20   0x00000008   Code   RO         4165    .text               c_w.l(libspace.o)
    0x08000d28   0x08000d28   0x0000004a   Code   RO         4168    .text               c_w.l(sys_stackheap_outer.o)
    0x08000d72   0x08000d72   0x00000012   Code   RO         4170    .text               c_w.l(exit.o)
    0x08000d84   0x08000d84   0x00000080   Code   RO         4176    .text               c_w.l(strcmpv7m.o)
    0x08000e04   0x08000e04   0x0000000c   Code   RO         4241    .text               c_w.l(sys_exit.o)
    0x08000e10   0x08000e10   0x00000002   Code   RO         4262    .text               c_w.l(use_no_semi.o)
    0x08000e12   0x08000e12   0x00000000   Code   RO         4264    .text               c_w.l(indicate_semi.o)
    0x08000e12   0x08000e12   0x0000003e   Code   RO         4136    CL$$btod_d2e        c_w.l(btod.o)
    0x08000e50   0x08000e50   0x00000046   Code   RO         4138    CL$$btod_d2e_denorm_low  c_w.l(btod.o)
    0x08000e96   0x08000e96   0x00000060   Code   RO         4137    CL$$btod_d2e_norm_op1  c_w.l(btod.o)
    0x08000ef6   0x08000ef6   0x00000338   Code   RO         4146    CL$$btod_div_common  c_w.l(btod.o)
    0x0800122e   0x0800122e   0x000000dc   Code   RO         4143    CL$$btod_e2e        c_w.l(btod.o)
    0x0800130a   0x0800130a   0x0000002a   Code   RO         4140    CL$$btod_ediv       c_w.l(btod.o)
    0x08001334   0x08001334   0x0000002a   Code   RO         4139    CL$$btod_emul       c_w.l(btod.o)
    0x0800135e   0x0800135e   0x00000244   Code   RO         4145    CL$$btod_mult_common  c_w.l(btod.o)
    0x080015a2   0x080015a2   0x00000002   Code   RO          293    i.BusFault_Handler  stm32g4xx_it.o
    0x080015a4   0x080015a4   0x00000002   Code   RO          294    i.DebugMon_Handler  stm32g4xx_it.o
    0x080015a6   0x080015a6   0x0000001c   Code   RO         3824    i.Delay_LCD         lcd.o
    0x080015c2   0x080015c2   0x00000004   Code   RO           13    i.Error_Handler     main.o
    0x080015c6   0x080015c6   0x0000006a   Code   RO         2638    i.HAL_DMA_Abort     stm32g4xx_hal_dma.o
    0x08001630   0x08001630   0x00000078   Code   RO         2639    i.HAL_DMA_Abort_IT  stm32g4xx_hal_dma.o
    0x080016a8   0x080016a8   0x00000024   Code   RO         1791    i.HAL_Delay         stm32g4xx_hal.o
    0x080016cc   0x080016cc   0x00000248   Code   RO         2500    i.HAL_GPIO_Init     stm32g4xx_hal_gpio.o
    0x08001914   0x08001914   0x0000000a   Code   RO         2502    i.HAL_GPIO_ReadPin  stm32g4xx_hal_gpio.o
    0x0800191e   0x0800191e   0x0000000a   Code   RO         2504    i.HAL_GPIO_WritePin  stm32g4xx_hal_gpio.o
    0x08001928   0x08001928   0x0000000c   Code   RO         1795    i.HAL_GetTick       stm32g4xx_hal.o
    0x08001934   0x08001934   0x00000010   Code   RO         1801    i.HAL_IncTick       stm32g4xx_hal.o
    0x08001944   0x08001944   0x0000001e   Code   RO         1802    i.HAL_Init          stm32g4xx_hal.o
    0x08001962   0x08001962   0x00000002   PAD
    0x08001964   0x08001964   0x00000044   Code   RO         1803    i.HAL_InitTick      stm32g4xx_hal.o
    0x080019a8   0x080019a8   0x00000030   Code   RO          375    i.HAL_MspInit       stm32g4xx_hal_msp.o
    0x080019d8   0x080019d8   0x0000001a   Code   RO         2909    i.HAL_NVIC_EnableIRQ  stm32g4xx_hal_cortex.o
    0x080019f2   0x080019f2   0x00000002   PAD
    0x080019f4   0x080019f4   0x00000040   Code   RO         2915    i.HAL_NVIC_SetPriority  stm32g4xx_hal_cortex.o
    0x08001a34   0x08001a34   0x00000024   Code   RO         2916    i.HAL_NVIC_SetPriorityGrouping  stm32g4xx_hal_cortex.o
    0x08001a58   0x08001a58   0x000000bc   Code   RO         1545    i.HAL_PWREx_ControlVoltageScaling  stm32g4xx_hal_pwr_ex.o
    0x08001b14   0x08001b14   0x00000010   Code   RO         1557    i.HAL_PWREx_DisableUCPDDeadBattery  stm32g4xx_hal_pwr_ex.o
    0x08001b24   0x08001b24   0x00000288   Code   RO         2162    i.HAL_RCCEx_PeriphCLKConfig  stm32g4xx_hal_rcc_ex.o
    0x08001dac   0x08001dac   0x000001dc   Code   RO         2037    i.HAL_RCC_ClockConfig  stm32g4xx_hal_rcc.o
    0x08001f88   0x08001f88   0x00000024   Code   RO         2045    i.HAL_RCC_GetPCLK1Freq  stm32g4xx_hal_rcc.o
    0x08001fac   0x08001fac   0x00000024   Code   RO         2046    i.HAL_RCC_GetPCLK2Freq  stm32g4xx_hal_rcc.o
    0x08001fd0   0x08001fd0   0x00000070   Code   RO         2047    i.HAL_RCC_GetSysClockFreq  stm32g4xx_hal_rcc.o
    0x08002040   0x08002040   0x00000404   Code   RO         2050    i.HAL_RCC_OscConfig  stm32g4xx_hal_rcc.o
    0x08002444   0x08002444   0x00000028   Code   RO         2920    i.HAL_SYSTICK_Config  stm32g4xx_hal_cortex.o
    0x0800246c   0x0800246c   0x0000009c   Code   RO         1157    i.HAL_TIMEx_MasterConfigSynchronization  stm32g4xx_hal_tim_ex.o
    0x08002508   0x08002508   0x0000004c   Code   RO          203    i.HAL_TIM_MspPostInit  tim.o
    0x08002554   0x08002554   0x00000124   Code   RO          473    i.HAL_TIM_PWM_ConfigChannel  stm32g4xx_hal_tim.o
    0x08002678   0x08002678   0x00000062   Code   RO          476    i.HAL_TIM_PWM_Init  stm32g4xx_hal_tim.o
    0x080026da   0x080026da   0x00000002   PAD
    0x080026dc   0x080026dc   0x00000024   Code   RO          205    i.HAL_TIM_PWM_MspInit  tim.o
    0x08002700   0x08002700   0x000000fc   Code   RO          481    i.HAL_TIM_PWM_Start  stm32g4xx_hal_tim.o
    0x080027fc   0x080027fc   0x0000003e   Code   RO         3469    i.HAL_UARTEx_DisableFifoMode  stm32g4xx_hal_uart_ex.o
    0x0800283a   0x0800283a   0x00000002   Code   RO         3058    i.HAL_UARTEx_RxEventCallback  stm32g4xx_hal_uart.o
    0x0800283c   0x0800283c   0x00000002   Code   RO         3477    i.HAL_UARTEx_RxFifoFullCallback  stm32g4xx_hal_uart_ex.o
    0x0800283e   0x0800283e   0x0000004c   Code   RO         3478    i.HAL_UARTEx_SetRxFifoThreshold  stm32g4xx_hal_uart_ex.o
    0x0800288a   0x0800288a   0x0000004c   Code   RO         3479    i.HAL_UARTEx_SetTxFifoThreshold  stm32g4xx_hal_uart_ex.o
    0x080028d6   0x080028d6   0x00000002   Code   RO         3481    i.HAL_UARTEx_TxFifoEmptyCallback  stm32g4xx_hal_uart_ex.o
    0x080028d8   0x080028d8   0x00000002   Code   RO         3482    i.HAL_UARTEx_WakeupCallback  stm32g4xx_hal_uart_ex.o
    0x080028da   0x080028da   0x00000002   Code   RO         3074    i.HAL_UART_ErrorCallback  stm32g4xx_hal_uart.o
    0x080028dc   0x080028dc   0x0000031c   Code   RO         3077    i.HAL_UART_IRQHandler  stm32g4xx_hal_uart.o
    0x08002bf8   0x08002bf8   0x0000006a   Code   RO         3078    i.HAL_UART_Init     stm32g4xx_hal_uart.o
    0x08002c62   0x08002c62   0x00000002   PAD
    0x08002c64   0x08002c64   0x0000008c   Code   RO          252    i.HAL_UART_MspInit  usart.o
    0x08002cf0   0x08002cf0   0x00000048   Code   RO         3083    i.HAL_UART_Receive_IT  stm32g4xx_hal_uart.o
    0x08002d38   0x08002d38   0x00000078   Code   RO         3625    i.HAL_UART_RxCpltCallback  fun.o
    0x08002db0   0x08002db0   0x000000ae   Code   RO         3087    i.HAL_UART_Transmit  stm32g4xx_hal_uart.o
    0x08002e5e   0x08002e5e   0x00000002   Code   RO         3090    i.HAL_UART_TxCpltCallback  stm32g4xx_hal_uart.o
    0x08002e60   0x08002e60   0x00000002   Code   RO          295    i.HardFault_Handler  stm32g4xx_it.o
    0x08002e62   0x08002e62   0x00000002   PAD
    0x08002e64   0x08002e64   0x0000002c   Code   RO         3703    i.I2CInit           i2c_hal.o
    0x08002e90   0x08002e90   0x0000004e   Code   RO         3704    i.I2CReceiveByte    i2c_hal.o
    0x08002ede   0x08002ede   0x00000030   Code   RO         3705    i.I2CSendAck        i2c_hal.o
    0x08002f0e   0x08002f0e   0x0000004e   Code   RO         3706    i.I2CSendByte       i2c_hal.o
    0x08002f5c   0x08002f5c   0x00000030   Code   RO         3707    i.I2CSendNotAck     i2c_hal.o
    0x08002f8c   0x08002f8c   0x00000036   Code   RO         3708    i.I2CStart          i2c_hal.o
    0x08002fc2   0x08002fc2   0x00000036   Code   RO         3709    i.I2CStop           i2c_hal.o
    0x08002ff8   0x08002ff8   0x0000004e   Code   RO         3710    i.I2CWaitAck        i2c_hal.o
    0x08003046   0x08003046   0x00000002   PAD
    0x08003048   0x08003048   0x0000002c   Code   RO         3825    i.LCD_BusIn         lcd.o
    0x08003074   0x08003074   0x00000030   Code   RO         3826    i.LCD_BusOut        lcd.o
    0x080030a4   0x080030a4   0x00000024   Code   RO         3827    i.LCD_Clear         lcd.o
    0x080030c8   0x080030c8   0x00000090   Code   RO         3829    i.LCD_CtrlLinesConfig  lcd.o
    0x08003158   0x08003158   0x00000018   Code   RO         3830    i.LCD_DisplayChar   lcd.o
    0x08003170   0x08003170   0x0000002a   Code   RO         3833    i.LCD_DisplayStringLine  lcd.o
    0x0800319a   0x0800319a   0x00000002   PAD
    0x0800319c   0x0800319c   0x00000058   Code   RO         3834    i.LCD_DrawChar      lcd.o
    0x080031f4   0x080031f4   0x00000034   Code   RO         3840    i.LCD_Init          lcd.o
    0x08003228   0x08003228   0x00000080   Code   RO         3843    i.LCD_ReadReg       lcd.o
    0x080032a8   0x080032a8   0x00000010   Code   RO         3844    i.LCD_SetBackColor  lcd.o
    0x080032b8   0x080032b8   0x00000018   Code   RO         3845    i.LCD_SetCursor     lcd.o
    0x080032d0   0x080032d0   0x00000010   Code   RO         3847    i.LCD_SetTextColor  lcd.o
    0x080032e0   0x080032e0   0x00000058   Code   RO         3850    i.LCD_WriteRAM      lcd.o
    0x08003338   0x08003338   0x0000005c   Code   RO         3851    i.LCD_WriteRAM_Prepare  lcd.o
    0x08003394   0x08003394   0x0000006c   Code   RO         3852    i.LCD_WriteReg      lcd.o
    0x08003400   0x08003400   0x000000d4   Code   RO          179    i.MX_GPIO_Init      gpio.o
    0x080034d4   0x080034d4   0x00000070   Code   RO          206    i.MX_TIM2_Init      tim.o
    0x08003544   0x08003544   0x00000068   Code   RO          253    i.MX_USART1_UART_Init  usart.o
    0x080035ac   0x080035ac   0x00000002   Code   RO          296    i.MemManage_Handler  stm32g4xx_it.o
    0x080035ae   0x080035ae   0x00000002   Code   RO          297    i.NMI_Handler       stm32g4xx_it.o
    0x080035b0   0x080035b0   0x00000002   Code   RO          298    i.PendSV_Handler    stm32g4xx_it.o
    0x080035b2   0x080035b2   0x00000112   Code   RO         3853    i.REG_8230_Init     lcd.o
    0x080036c4   0x080036c4   0x00000202   Code   RO         3854    i.REG_932X_Init     lcd.o
    0x080038c6   0x080038c6   0x00000002   PAD
    0x080038c8   0x080038c8   0x00000018   Code   RO         3711    i.SCL_Output        i2c_hal.o
    0x080038e0   0x080038e0   0x00000018   Code   RO         3712    i.SDA_Input         i2c_hal.o
    0x080038f8   0x080038f8   0x0000002c   Code   RO         3713    i.SDA_Input_Mode    i2c_hal.o
    0x08003924   0x08003924   0x00000018   Code   RO         3714    i.SDA_Output        i2c_hal.o
    0x0800393c   0x0800393c   0x0000002c   Code   RO         3715    i.SDA_Output_Mode   i2c_hal.o
    0x08003968   0x08003968   0x00000002   Code   RO          299    i.SVC_Handler       stm32g4xx_it.o
    0x0800396a   0x0800396a   0x00000004   Code   RO          300    i.SysTick_Handler   stm32g4xx_it.o
    0x0800396e   0x0800396e   0x00000066   Code   RO           14    i.SystemClock_Config  main.o
    0x080039d4   0x080039d4   0x00000010   Code   RO         3588    i.SystemInit        system_stm32g4xx.o
    0x080039e4   0x080039e4   0x000000bc   Code   RO          494    i.TIM_Base_SetConfig  stm32g4xx_hal_tim.o
    0x08003aa0   0x08003aa0   0x0000001a   Code   RO          495    i.TIM_CCxChannelCmd  stm32g4xx_hal_tim.o
    0x08003aba   0x08003aba   0x00000002   PAD
    0x08003abc   0x08003abc   0x0000009c   Code   RO          507    i.TIM_OC1_SetConfig  stm32g4xx_hal_tim.o
    0x08003b58   0x08003b58   0x00000090   Code   RO          508    i.TIM_OC2_SetConfig  stm32g4xx_hal_tim.o
    0x08003be8   0x08003be8   0x00000090   Code   RO          509    i.TIM_OC3_SetConfig  stm32g4xx_hal_tim.o
    0x08003c78   0x08003c78   0x00000090   Code   RO          510    i.TIM_OC4_SetConfig  stm32g4xx_hal_tim.o
    0x08003d08   0x08003d08   0x00000070   Code   RO          511    i.TIM_OC5_SetConfig  stm32g4xx_hal_tim.o
    0x08003d78   0x08003d78   0x00000070   Code   RO          512    i.TIM_OC6_SetConfig  stm32g4xx_hal_tim.o
    0x08003de8   0x08003de8   0x00000044   Code   RO         3483    i.UARTEx_SetNbDataToProcess  stm32g4xx_hal_uart_ex.o
    0x08003e2c   0x08003e2c   0x000000c8   Code   RO         3092    i.UART_AdvFeatureConfig  stm32g4xx_hal_uart.o
    0x08003ef4   0x08003ef4   0x000000ac   Code   RO         3093    i.UART_CheckIdleState  stm32g4xx_hal_uart.o
    0x08003fa0   0x08003fa0   0x00000014   Code   RO         3094    i.UART_DMAAbortOnError  stm32g4xx_hal_uart.o
    0x08003fb4   0x08003fb4   0x00000054   Code   RO         3104    i.UART_EndRxTransfer  stm32g4xx_hal_uart.o
    0x08004008   0x08004008   0x000000c8   Code   RO         3106    i.UART_RxISR_16BIT  stm32g4xx_hal_uart.o
    0x080040d0   0x080040d0   0x000001a0   Code   RO         3107    i.UART_RxISR_16BIT_FIFOEN  stm32g4xx_hal_uart.o
    0x08004270   0x08004270   0x000000c8   Code   RO         3108    i.UART_RxISR_8BIT   stm32g4xx_hal_uart.o
    0x08004338   0x08004338   0x000001a0   Code   RO         3109    i.UART_RxISR_8BIT_FIFOEN  stm32g4xx_hal_uart.o
    0x080044d8   0x080044d8   0x00000274   Code   RO         3110    i.UART_SetConfig    stm32g4xx_hal_uart.o
    0x0800474c   0x0800474c   0x00000110   Code   RO         3112    i.UART_Start_Receive_IT  stm32g4xx_hal_uart.o
    0x0800485c   0x0800485c   0x00000094   Code   RO         3117    i.UART_WaitOnFlagUntilTimeout  stm32g4xx_hal_uart.o
    0x080048f0   0x080048f0   0x0000000c   Code   RO          301    i.USART1_IRQHandler  stm32g4xx_it.o
    0x080048fc   0x080048fc   0x00000002   Code   RO          302    i.UsageFault_Handler  stm32g4xx_it.o
    0x080048fe   0x080048fe   0x00000030   Code   RO         4163    i.__ARM_fpclassify  m_wm.l(fpclassify.o)
    0x0800492e   0x0800492e   0x00000020   Code   RO         2922    i.__NVIC_SetPriority  stm32g4xx_hal_cortex.o
    0x0800494e   0x0800494e   0x0000000e   Code   RO         4051    i._is_digit         c_w.l(__printf_wp.o)
    0x0800495c   0x0800495c   0x00000014   Code   RO         3716    i.delay1            i2c_hal.o
    0x08004970   0x08004970   0x000000dc   Code   RO         3626    i.eeprom_init       fun.o
    0x08004a4c   0x08004a4c   0x00000052   Code   RO         3717    i.eeprom_read       i2c_hal.o
    0x08004a9e   0x08004a9e   0x00000002   PAD
    0x08004aa0   0x08004aa0   0x0000004a   Code   RO         3718    i.eeprom_write      i2c_hal.o
    0x08004aea   0x08004aea   0x00000002   PAD
    0x08004aec   0x08004aec   0x000002a0   Code   RO         3627    i.key_scan          fun.o
    0x08004d8c   0x08004d8c   0x00000148   Code   RO         3628    i.lcd_show          fun.o
    0x08004ed4   0x08004ed4   0x0000005c   Code   RO         3629    i.led0              fun.o
    0x08004f30   0x08004f30   0x00000054   Code   RO         3630    i.led_Disp          fun.o
    0x08004f84   0x08004f84   0x00000098   Code   RO           15    i.main              main.o
    0x0800501c   0x0800501c   0x0000002c   Code   RO         3631    i.pwm_set_duty      fun.o
    0x08005048   0x08005048   0x00000040   Code   RO         3632    i.yes_shop          fun.o
    0x08005088   0x08005088   0x0000002c   Code   RO         4159    locale$$code        c_w.l(lc_numeric_c.o)
    0x080050b4   0x080050b4   0x00000062   Code   RO         4070    x$fpl$d2f           fz_wm.l(d2f.o)
    0x08005116   0x08005116   0x00000002   PAD
    0x08005118   0x08005118   0x00000150   Code   RO         4072    x$fpl$dadd          fz_wm.l(daddsub_clz.o)
    0x08005268   0x08005268   0x0000009c   Code   RO         4096    x$fpl$dnaninf       fz_wm.l(dnaninf.o)
    0x08005304   0x08005304   0x0000000c   Code   RO         4098    x$fpl$dretinf       fz_wm.l(dretinf.o)
    0x08005310   0x08005310   0x000001d4   Code   RO         4074    x$fpl$dsub          fz_wm.l(daddsub_clz.o)
    0x080054e4   0x080054e4   0x00000056   Code   RO         4078    x$fpl$f2d           fz_wm.l(f2d.o)
    0x0800553a   0x0800553a   0x0000008c   Code   RO         4100    x$fpl$fnaninf       fz_wm.l(fnaninf.o)
    0x080055c6   0x080055c6   0x0000000a   Code   RO         4239    x$fpl$fpinit        fz_wm.l(fpinit.o)
    0x080055d0   0x080055d0   0x0000000a   Code   RO         4102    x$fpl$fretinf       fz_wm.l(fretinf.o)
    0x080055da   0x080055da   0x00000004   Code   RO         4080    x$fpl$printf1       fz_wm.l(printf1.o)
    0x080055de   0x080055de   0x00000000   Code   RO         4104    x$fpl$usenofp       fz_wm.l(usenofp.o)
    0x080055de   0x080055de   0x00000018   Data   RO         3118    .constdata          stm32g4xx_hal_uart.o
    0x080055f6   0x080055f6   0x00000010   Data   RO         3484    .constdata          stm32g4xx_hal_uart_ex.o
    0x08005606   0x08005606   0x00000010   Data   RO         3589    .constdata          system_stm32g4xx.o
    0x08005616   0x08005616   0x00000008   Data   RO         3590    .constdata          system_stm32g4xx.o
    0x0800561e   0x0800561e   0x000011d0   Data   RO         3855    .constdata          lcd.o
    0x080067ee   0x080067ee   0x00000002   PAD
    0x080067f0   0x080067f0   0x00000094   Data   RO         4134    .constdata          c_w.l(bigflt0.o)
    0x08006884   0x08006884   0x00000020   Data   RO         4310    Region$$Table       anon$$obj.o
    0x080068a4   0x080068a4   0x0000001c   Data   RO         4158    locale$$data        c_w.l(lc_numeric_c.o)


    Execution Region RW_IRAM1 (Exec base: 0x20000000, Load base: 0x080068c0, Size: 0x000007b0, Max: 0x00008000, ABSOLUTE)

    Exec Addr    Load Addr    Size         Type   Attr      Idx    E Section Name        Object

    0x20000000   0x080068c0   0x0000000c   Data   RW         1822    .data               stm32g4xx_hal.o
    0x2000000c   0x080068cc   0x00000004   Data   RW         3591    .data               system_stm32g4xx.o
    0x20000010   0x080068d0   0x00000028   Data   RW         3635    .data               fun.o
    0x20000038   0x080068f8   0x00000006   Data   RW         3856    .data               lcd.o
    0x2000003e   0x080068fe   0x00000002   PAD
    0x20000040        -       0x0000004c   Zero   RW          207    .bss                tim.o
    0x2000008c        -       0x00000094   Zero   RW          254    .bss                usart.o
    0x20000120        -       0x0000002d   Zero   RW         3633    .bss                fun.o
    0x2000014d   0x080068fe   0x00000003   PAD
    0x20000150        -       0x00000060   Zero   RW         4166    .bss                c_w.l(libspace.o)
    0x200001b0        -       0x00000200   Zero   RW            2    HEAP                startup_stm32g431xx.o
    0x200003b0        -       0x00000400   Zero   RW            1    STACK               startup_stm32g431xx.o


==============================================================================

Image component sizes


      Code (inc. data)   RO Data    RW Data    ZI Data      Debug   Object Name

      1624        302          0         40         45       6527   fun.o
       212         18          0          0          0       1023   gpio.o
       818         28          0          0          0       9250   i2c_hal.o
      1766         78       4560          6          0      11330   lcd.o
       258         18          0          0          0     644933   main.o
        64         26        472          0       1536        848   startup_stm32g431xx.o
       162         24          0         12          0       4341   stm32g4xx_hal.o
       198         14          0          0          0      33855   stm32g4xx_hal_cortex.o
       226          0          0          0          0       1947   stm32g4xx_hal_dma.o
       604         34          0          0          0       3019   stm32g4xx_hal_gpio.o
        48          6          0          0          0        874   stm32g4xx_hal_msp.o
       204         18          0          0          0       1409   stm32g4xx_hal_pwr_ex.o
      1688         92          0          0          0       6288   stm32g4xx_hal_rcc.o
       648         10          0          0          0       1892   stm32g4xx_hal_rcc_ex.o
      1668        210          0          0          0      10186   stm32g4xx_hal_tim.o
       156         24          0          0          0       1484   stm32g4xx_hal_tim_ex.o
      3910        144         24          0          0      36982   stm32g4xx_hal_uart.o
       288          6         16          0          0       5402   stm32g4xx_hal_uart_ex.o
        32          6          0          0          0       4662   stm32g4xx_it.o
        16          4         24          4          0       1139   system_stm32g4xx.o
       224         16          0          0         76       2319   tim.o
       244         18          0          0        148       1810   usart.o

    ----------------------------------------------------------------------
     15080       1096       5130         64       1808     791520   Object Totals
         0          0         32          0          0          0   (incl. Generated)
        22          0          2          2          3          0   (incl. Padding)

    ----------------------------------------------------------------------

      Code (inc. data)   RO Data    RW Data    ZI Data      Debug   Library Member Name

         8          0          0          0          0         68   __main.o
       284          0          0          0          0        156   __printf_wp.o
         0          0          0          0          0          0   __rtentry.o
        12          0          0          0          0          0   __rtentry2.o
         6          0          0          0          0          0   __rtentry4.o
        52          8          0          0          0          0   __scatter.o
        26          0          0          0          0          0   __scatter_copy.o
        28          0          0          0          0          0   __scatter_zi.o
        48          6          0          0          0         96   _printf_char_common.o
         6          0          0          0          0          0   _printf_d.o
       120         16          0          0          0         92   _printf_dec.o
         6          0          0          0          0          0   _printf_f.o
      1054          0          0          0          0        216   _printf_fp_dec.o
       128         16          0          0          0         84   _printf_fp_infnan.o
       178          0          0          0          0         88   _printf_intcommon.o
        78          0          0          0          0        108   _printf_pad.o
         0          0          0          0          0          0   _printf_percent.o
         4          0          0          0          0          0   _printf_percent_end.o
        10          0          0          0          0         68   _sputc.o
       228          4        148          0          0         96   bigflt0.o
      1936        128          0          0          0        672   btod.o
        18          0          0          0          0         80   exit.o
         6          0          0          0          0        152   heapauxi.o
         0          0          0          0          0          0   indicate_semi.o
        44         10         28          0          0         76   lc_numeric_c.o
         2          0          0          0          0          0   libinit.o
        22          0          0          0          0          0   libinit2.o
         2          0          0          0          0          0   libshutdown.o
         2          0          0          0          0          0   libshutdown2.o
         8          4          0          0         96         68   libspace.o
       138          0          0          0          0         80   lludiv10.o
       238          0          0          0          0        100   lludivv7m.o
        40          6          0          0          0         84   noretval__2sprintf.o
         8          4          0          0          0         68   rt_locale_intlibspace.o
        78          0          0          0          0         80   rt_memclr_w.o
         2          0          0          0          0          0   rtexit.o
        10          0          0          0          0          0   rtexit2.o
       128          0          0          0          0         68   strcmpv7m.o
        12          4          0          0          0         68   sys_exit.o
        74          0          0          0          0         80   sys_stackheap_outer.o
         2          0          0          0          0         68   use_no_semi.o
        98          4          0          0          0        140   d2f.o
       804         16          0          0          0        368   daddsub_clz.o
       156          4          0          0          0        140   dnaninf.o
        12          0          0          0          0        116   dretinf.o
        86          4          0          0          0        132   f2d.o
       140          4          0          0          0        132   fnaninf.o
        10          0          0          0          0        116   fpinit.o
        10          0          0          0          0        116   fretinf.o
         4          0          0          0          0        116   printf1.o
         0          0          0          0          0          0   usenofp.o
        48          0          0          0          0        124   fpclassify.o

    ----------------------------------------------------------------------
      6430        238        176          0         96       4316   Library Totals
        16          0          0          0          0          0   (incl. Padding)

    ----------------------------------------------------------------------

      Code (inc. data)   RO Data    RW Data    ZI Data      Debug   Library Name

      5046        206        176          0         96       2816   c_w.l
      1320         32          0          0          0       1376   fz_wm.l
        48          0          0          0          0        124   m_wm.l

    ----------------------------------------------------------------------
      6430        238        176          0         96       4316   Library Totals

    ----------------------------------------------------------------------

==============================================================================


      Code (inc. data)   RO Data    RW Data    ZI Data      Debug   

     21510       1334       5306         64       1904     781928   Grand Totals
     21510       1334       5306         64       1904     781928   ELF Image Totals
     21510       1334       5306         64          0          0   ROM Totals

==============================================================================

    Total RO  Size (Code + RO Data)                26816 (  26.19kB)
    Total RW  Size (RW Data + ZI Data)              1968 (   1.92kB)
    Total ROM Size (Code + RO Data + RW Data)      26880 (  26.25kB)

==============================================================================

